empty_exit=1
omaspeak: text must not be empty
omaspeak: runtime: voice 999 is outside the speaker range 0..9 for model supertonic-3-int8
badvoice_exit=1
omaspeak: runtime: speed must be finite and between 0.25 and 4.0
badspeed_exit=1
[
  {
    "active": true,
    "id": 0,
    "name": "M1"
  },
  {
    "active": false,
    "id": 1,
    "name": "M2"
  },
  {
    "active": false,
    "id": 2,
    "name": "M3"
  },
  {
    "active": false,
    "id": 3,
    "name": "M4"
  },
  {
    "active": false,
    "id": 4,
    "name": "M5"
  },
  {
    "active": false,
    "id": 5,
    "name": "F1"
  },
  {
    "active": false,
    "id": 6,
    "name": "F2"
  },
  {
    "active": false,
    "id": 7,
    "name": "F3"
  },
  {
    "active": false,
    "id": 8,
    "name": "F4"
  },
  {
    "active": false,
    "id": 9,
    "name": "F5"
  }
]
verified: /home/omarchy/.local/share/omaspeak/models/supertonic-3-int8
Created symlink '/home/omarchy/.config/systemd/user/graphical-session.target.wants/omaspeak.service' → '/home/omarchy/.config/systemd/user/omaspeak.service'.
installed: /home/omarchy/.config/systemd/user/omaspeak.service
ActiveState=active
FragmentPath=/home/omarchy/.config/systemd/user/omaspeak.service
MainPID=68694
already-installed: supertonic-3-int8
ok config    /home/omarchy/.config/omaspeak/config.toml
ok backend   supertonic runtime adapter is available
ok model     /home/omarchy/.local/share/omaspeak/models/supertonic-3-int8
ok voice     M1 (speaker ID 0)
ok runtime   default runtime is installed and its libraries resolve
ok engine    runtime/device probe passed; model inference is not verified by this check
ok audio     pw-play or aplay is available
ok launcher  /home/omarchy/.local/share/applications/omaspeak-settings.desktop
ok systemd   active: /home/omarchy/.config/systemd/user/omaspeak.service
model: /home/omarchy/.local/share/omaspeak/models/supertonic-3-int8
config: /home/omarchy/.config/omaspeak/config.toml
launcher: /home/omarchy/.local/share/applications/omaspeak-settings.desktop
service: active daemon restarted; unit unchanged
ActiveState=active
FragmentPath=/home/omarchy/.config/systemd/user/omaspeak.service
MainPID=68758
Removed '/home/omarchy/.config/systemd/user/graphical-session.target.wants/omaspeak.service'.
ActiveState=inactive
FragmentPath=/usr/lib/systemd/user/omaspeak.service
UnitFileState=disabled
