resolving dependencies...
looking for conflicting packages...

Package (3)        New Version  Net Change

extra/ggml         0.21.0-1       1.11 MiB
extra/ggml-cpu     0.21.0-1      13.45 MiB
extra/whisper-cpp  1.9.1-2        3.41 MiB

Total Installed Size:  17.97 MiB

:: Proceed with installation? [Y/n] 
:: Retrieving packages...
 ggml-0.21.0-1-x86_64 downloading...
checking keyring...
checking package integrity...
loading package files...
checking for file conflicts...
checking available disk space...
:: Running pre-transaction hooks...
(1/1) Waiting for limine-snapper-sync to finish...
:: Processing package changes...
installing ggml...
Optional dependencies for ggml
    ggml-blas: BLAS backend
    ggml-cpu: CPU backend [pending]
    ggml-cuda: CUDA backend
    ggml-openvino: Openvino backend
    ggml-hip: HIP backend
    ggml-vulkan: Vulkan backend
installing whisper-cpp...
installing ggml-cpu...
:: Running post-transaction hooks...
(1/1) Arming ConditionNeedsUpdate...
