[1m================================[0m
[1mOmarchy Package Builder[0m
[1m================================[0m
[0;34m==>[0m Target architecture: x86_64
[0;34m==>[0m Mirror: edge
[0;34m==>[0m Build workspace: /home/omarchy/work/review/build-output/edge/x86_64
[0;34m==>[0m Final output: /home/omarchy/work/review/pkgs.omarchy.org/edge/x86_64
[0;34m==>[0m Cleaning build workspace...
[0;34m==>[0m Building packages: omaspeak-bin
[0;34m==>[0m Building container image for x86_64 (linux/amd64) using edge mirror...
#0 building with "default" instance using docker driver

#1 [internal] load build definition from Dockerfile
#1 transferring dockerfile: 7.33kB done
#1 DONE 0.0s

#2 [internal] load metadata for docker.io/library/alpine:3.21
#2 DONE 0.3s

#3 [internal] load .dockerignore
#3 transferring context: 2B done
#3 DONE 0.0s

#4 [bootstrapper 1/7] FROM docker.io/library/alpine:3.21@sha256:48b0309ca019d89d40f670aa1bc06e426dc0931948452e8491e3d65087abc07d
#4 resolve docker.io/library/alpine:3.21@sha256:48b0309ca019d89d40f670aa1bc06e426dc0931948452e8491e3d65087abc07d 0.0s done
#4 DONE 0.0s

#5 [internal] load build context
#5 transferring context: 37B done
#5 DONE 0.0s

#6 [bootstrapper 2/7] COPY pacstrap-docker /usr/local/bin/
#6 CACHED

#7 [bootstrapper 3/7] RUN apk add --no-cache     pacman-makepkg     curl     bash     zstd     gnupg
#7 CACHED

#8 [bootstrapper 4/7] RUN mkdir -p /etc/pacman.d &&     case "amd64" in     amd64)         echo "x86_64" > /tmp/arch &&         REPOS="[core]\nInclude = /etc/pacman.d/mirrorlist\n\n[extra]\nInclude = /etc/pacman.d/mirrorlist\n" ;;     arm64)         echo "aarch64" > /tmp/arch &&         REPOS="[core]\nInclude = /etc/pacman.d/mirrorlist\n\n[extra]\nInclude = /etc/pacman.d/mirrorlist\n\n[alarm]\nInclude = /etc/pacman.d/mirrorlist\n\n[aur]\nInclude = /etc/pacman.d/mirrorlist\n" ;;     *)         echo "Unsupported architecture: amd64" && exit 1 ;;     esac &&     printf '[options]\nHoldPkg = pacman glibc\nArchitecture = auto\nSigLevel = Required DatabaseOptional\nLocalFileSigLevel = Optional\n\n%b' "$REPOS" > /etc/pacman.conf
#8 CACHED

#9 [bootstrapper 5/7] RUN if [ "amd64" = "amd64" ]; then         if [ "edge" = "stable" ]; then             printf 'Server = https://stable-mirror.omarchy.org/$repo/os/$arch\n' > /etc/pacman.d/mirrorlist;         elif [ "edge" = "rc" ]; then             printf 'Server = https://rc-mirror.omarchy.org/$repo/os/$arch\n' > /etc/pacman.d/mirrorlist;         else             printf 'Server = https://mirror.omarchy.org/$repo/os/$arch\n' > /etc/pacman.d/mirrorlist;         fi;     else         printf 'Server = https://fl.us.mirror.archlinuxarm.org/aarch64/$repo\n' > /etc/pacman.d/mirrorlist;     fi
#9 DONE 0.2s

#10 [bootstrapper 6/7] RUN mkdir -p /usr/share/pacman/keyrings &&     if [ "amd64" = "arm64" ]; then         KEYRING_URL="https://raw.githubusercontent.com/archlinuxarm/PKGBUILDs/master/core/archlinuxarm-keyring/" &&         for file in archlinuxarm-revoked archlinuxarm-trusted archlinuxarm.gpg; do             curl -fsSL "${KEYRING_URL}${file}" -o /usr/share/pacman/keyrings/${file} || exit 1;         done &&         BOOTSTRAP_EXTRA="archlinuxarm-keyring";     else         mkdir /tmp/archlinux-keyring &&         curl -fsSL https://archlinux.org/packages/core/any/archlinux-keyring/download |             unzstd | tar -C /tmp/archlinux-keyring -xv &&         mv /tmp/archlinux-keyring/usr/share/pacman/keyrings/* /usr/share/pacman/keyrings/ &&         BOOTSTRAP_EXTRA="";     fi &&     pacman-key --init &&     pacman-key --populate
#10 1.710 .BUILDINFO
#10 2.102 .INSTALL
#10 2.102 .MTREE
#10 2.102 .PKGINFO
#10 2.102 usr/
#10 2.102 usr/bin/
#10 2.102 usr/bin/archlinux-keyring-wkd-sync
#10 2.102 usr/lib/
#10 2.102 usr/lib/systemd/
#10 2.102 usr/lib/systemd/system/
#10 2.102 usr/lib/systemd/system/archlinux-keyring-wkd-sync.service
#10 2.102 usr/lib/systemd/system/archlinux-keyring-wkd-sync.timer
#10 2.102 usr/lib/systemd/system/timers.target.wants/
#10 2.102 usr/lib/systemd/system/timers.target.wants/archlinux-keyring-wkd-sync.timer
#10 2.102 usr/share/
#10 2.102 usr/share/pacman/
#10 2.102 usr/share/pacman/keyrings/
#10 2.102 usr/share/pacman/keyrings/archlinux-revoked
#10 2.102 usr/share/pacman/keyrings/archlinux-trusted
#10 2.102 usr/share/pacman/keyrings/archlinux.gpg
#10 2.127 gpg: /etc/pacman.d/gnupg/trustdb.gpg: trustdb created
#10 2.127 gpg: no ultimately trusted keys found
#10 2.134 gpg: starting migration from earlier GnuPG versions
#10 2.138 gpg: porting secret keys from '/etc/pacman.d/gnupg/secring.gpg' to gpg-agent
#10 2.138 gpg: migration succeeded
#10 2.139 ==> Generating pacman master key. This may take some time.
#10 2.139 gpg: Generating pacman keyring master key...
#10 3.384 gpg: directory '/etc/pacman.d/gnupg/openpgp-revocs.d' created
#10 3.400 gpg: revocation certificate stored as '/etc/pacman.d/gnupg/openpgp-revocs.d/D11FAC9F730B3BFF98817E8FCABEC60BB24F56AB.rev'
#10 3.400 gpg: Done
#10 3.400 ==> Updating trust database...
#10 3.402 gpg: marginals needed: 3  completes needed: 1  trust model: pgp
#10 3.402 gpg: depth: 0  valid:   1  signed:   0  trust: 0-, 0q, 0n, 0m, 0f, 1u
#10 3.408 ==> Appending keys from archlinux.gpg...
#10 6.385 ==> Locally signing trusted keys in keyring...
#10 7.168   -> Locally signed 5 keys.
#10 7.168 ==> Importing owner trust values...
#10 7.169 gpg: setting ownertrust to 4
#10 7.169 gpg: setting ownertrust to 4
#10 7.169 gpg: setting ownertrust to 4
#10 7.169 gpg: inserting ownertrust of 4
#10 7.169 gpg: setting ownertrust to 4
#10 7.169 ==> Disabling revoked keys in keyring...
#10 7.309   -> Disabled 38 keys.
#10 7.309 ==> Updating trust database...
#10 7.315 gpg: Note: third-party key signatures using the SHA1 algorithm are rejected
#10 7.315 gpg: (use option "--allow-weak-key-signatures" to override)
#10 7.421 gpg: marginals needed: 3  completes needed: 1  trust model: pgp
#10 7.449 gpg: depth: 0  valid:   1  signed:   5  trust: 0-, 0q, 0n, 0m, 0f, 1u
#10 7.474 gpg: depth: 1  valid:   5  signed:  89  trust: 0-, 0q, 0n, 5m, 0f, 0u
#10 7.489 gpg: depth: 2  valid:  78  signed:  18  trust: 78-, 0q, 0n, 0m, 0f, 0u
#10 7.489 gpg: next trustdb check due at 2026-10-26
#10 DONE 7.5s

#11 [bootstrapper 7/7] RUN mkdir /rootfs &&     if [ "amd64" = "arm64" ]; then         BOOTSTRAP_EXTRA="archlinuxarm-keyring";     else         BOOTSTRAP_EXTRA="";     fi &&     pacstrap-docker /rootfs base ${BOOTSTRAP_EXTRA} &&     cp /etc/pacman.conf /rootfs/etc/pacman.conf &&     cp /etc/pacman.d/mirrorlist /rootfs/etc/pacman.d/mirrorlist &&     echo "en_US.UTF-8 UTF-8" > /rootfs/etc/locale.gen &&     echo "LANG=en_US.UTF-8" > /rootfs/etc/locale.conf &&     rm -rf /rootfs/var/lib/pacman/sync/*            /rootfs/var/cache/pacman/pkg/*            /rootfs/tmp/*
#11 0.145 ==> Creating install root at /rootfs
#11 0.146 ==> Installing packages to /rootfs
#11 0.150 :: Synchronizing package databases...
#11 1.282  core downloading...
#11 1.282  extra downloading...
#11 1.286 resolving dependencies...
#11 1.456 :: There are 2 providers available for libxtables.so=12-64:
#11 1.456 :: Repository core
#11 1.456    1) iptables  2) iptables-legacy
#11 1.456 
#11 1.456 Enter a number (default=1): 
#11 1.456 looking for conflicting packages...
#11 1.458 
#11 1.458 Packages (137) acl-2.4.0-1  archlinux-keyring-20260909-1  attr-2.6.0-1  audit-4.2.1-1  bash-5.3.15-1  binutils-2.47-4  brotli-1.2.0-1  bzip2-1.0.8-6  ca-certificates-20240618-1  ca-certificates-mozilla-3.129-1  ca-certificates-utils-20240618-1  coreutils-9.11-2  cryptsetup-2.8.8-1  curl-8.22.0-1  dbus-1.16.2-1  dbus-broker-37-3  dbus-broker-units-37-3  dbus-units-37-3  device-mapper-2.03.42-1  e2fsprogs-1.47.4-1  expat-2.8.4-1  file-5.48-1  filesystem-2025.10.12-1  findutils-4.11.0-1  gawk-5.4.1-1  gcc-libs-16.2.1+r23+gd564253eb6c8-1  gdbm-1.26-2  gettext-1.0-2  glib2-2.88.3-1  glibc-2.44+r24+g16be1518495f-1  gmp-6.3.0-3  gnulib-l10n-20241231-1  gnupg-2.4.9-3  gnutls-3.8.13-3  gpgme-2.2.0-1  grep-3.12-2  gzip-1.14-2  hwdata-0.411-1  iana-etc-20260617-1  icu-78.3-1  iproute2-7.2.0-1  iptables-1:1.8.13-1  iputils-20250605-1  jansson-2.15.1-1  json-c-0.19-1  kbd-2.10.0-1  keyutils-1.6.3-4  kmod-34.2-1  krb5-1.22.2-1  leancrypto-1.9.0-1  libarchive-3.8.9-1  libasan-16.2.1+r23+gd564253eb6c8-1  libassuan-3.0.0-1  libatomic-16.2.1+r23+gd564253eb6c8-1  libbpf-1.7.0-1  libcap-2.78-1  libcap-ng-0.9.6-1  libelf-0.196-1  libevent-2.1.13-2  libffi-3.8.0-1  libgcc-16.2.1+r23+gd564253eb6c8-1  libgcrypt-1.12.4-1  libgfortran-16.2.1+r23+gd564253eb6c8-1  libgomp-16.2.1+r23+gd564253eb6c8-1  libgpg-error-1.61-1  libhwasan-16.2.1+r23+gd564253eb6c8-1  libidn2-2.3.8-1  libksba-1.8.1-1  libldap-2.7.1-1  liblsan-16.2.1+r23+gd564253eb6c8-1  libmakepkg-dropins-20-2  libmnl-1.0.5-2  libnetfilter_conntrack-1.1.1-1  libnfnetlink-1.0.2-2  libnftnl-1.3.2-1  libnghttp2-1.70.0-1  libnghttp3-1.18.0-1  libngtcp2-1.25.0-1  libnl-3.12.0-1  libnsl-2.0.1-2  libobjc-16.2.1+r23+gd564253eb6c8-1  libp11-kit-0.26.5-1  libpcap-1.10.7-1  libpsl-0.21.5-2  libquadmath-16.2.1+r23+gd564253eb6c8-1  libsasl-2.1.28-5  libseccomp-2.6.0-1  libsecret-0.21.7-1  libssh2-1.11.1-7  libstdc++-16.2.1+r23+gd564253eb6c8-1  libsysprof-capture-50.0-6  libtasn1-4.21.0-1  libtirpc-1.3.8-1  libtsan-16.2.1+r23+gd564253eb6c8-1  libubsan-16.2.1+r23+gd564253eb6c8-1  libunistring-1.4.2-1  libusb-1.0.30-1  libverto-0.3.2-6  libxcrypt-4.5.2-1  libxml2-2.15.4-1  licenses-20240728-1  linux-api-headers-7.2-1  lmdb-0.9.35-1  lz4-1:1.10.0-2  mpfr-4.2.2-1  ncurses-6.6-2  nettle-4.0-1  nftables-1:1.1.7-3  npth-1.8-1  openssl-3.6.4-1  p11-kit-0.26.5-1  pacman-7.1.0.r9.g54d9411-2  pacman-mirrorlist-20260610-1  pam-1.7.2-2  pambase-20260616-1  pciutils-3.15.0-1  pcre2-10.48-1  pinentry-1.3.3-1  popt-1.19-2  procps-ng-4.0.7-1  psmisc-23.7-2  readline-8.3.003-1  sed-4.10-2  shadow-4.20.0.arch1-1  sqlite-3.53.4-1  systemd-261.3-1  systemd-libs-261.3-1  systemd-sysvcompat-261.3-1  tar-1.35-5  tpm2-tss-4.2.0-2  tzdata-2026d-1  util-linux-2.42.3-1  util-linux-libs-2.42.3-1  xz-5.8.4-1  zlib-1:1.3.2-3  zstd-1.5.7-3  base-3-3
#11 1.458 
#11 1.458 Total Download Size:   121.42 MiB
#11 1.458 Total Installed Size:  511.46 MiB
#11 1.458 
#11 1.458 :: Proceed with installation? [Y/n] 
#11 1.458 :: Retrieving packages...
#11 11.30  icu-78.3-1-x86_64 downloading...
#11 11.30  systemd-261.3-1-x86_64 downloading...
#11 11.30  glibc-2.44+r24+g16be1518495f-1-x86_64 downloading...
#11 11.30  binutils-2.47-4-x86_64 downloading...
#11 11.30  util-linux-2.42.3-1-x86_64 downloading...
#11 11.30  openssl-3.6.4-1-x86_64 downloading...
#11 11.30  glib2-2.88.3-1-x86_64 downloading...
#11 11.30  gettext-1.0-2-x86_64 downloading...
#11 11.30  coreutils-9.11-2-x86_64 downloading...
#11 11.30  gnupg-2.4.9-3-x86_64 downloading...
#11 11.30  sqlite-3.53.4-1-x86_64 downloading...
#11 11.30  bash-5.3.15-1-x86_64 downloading...
#11 11.30  gnutls-3.8.13-3-x86_64 downloading...
#11 11.30  hwdata-0.411-1-any downloading...
#11 11.30  pcre2-10.48-1-x86_64 downloading...
#11 11.30  linux-api-headers-7.2-1-x86_64 downloading...
#11 11.30  gawk-5.4.1-1-x86_64 downloading...
#11 11.30  leancrypto-1.9.0-1-x86_64 downloading...
#11 11.30  systemd-libs-261.3-1-x86_64 downloading...
#11 11.30  krb5-1.22.2-1-x86_64 downloading...
#11 11.30  curl-8.22.0-1-x86_64 downloading...
#11 11.30  kbd-2.10.0-1-x86_64 downloading...
#11 11.30  e2fsprogs-1.47.4-1-x86_64 downloading...
#11 11.30  archlinux-keyring-20260909-1-any downloading...
#11 11.30  iproute2-7.2.0-1-x86_64 downloading...
#11 11.30  shadow-4.20.0.arch1-1-x86_64 downloading...
#11 13.60  ncurses-6.6-2-x86_64 downloading...
#11 13.60  tpm2-tss-4.2.0-2-x86_64 downloading...
#11 13.60  procps-ng-4.0.7-1-x86_64 downloading...
#11 13.60  pacman-7.1.0.r9.g54d9411-2-x86_64 downloading...
#11 13.60  libgfortran-16.2.1+r23+gd564253eb6c8-1-x86_64 downloading...
#11 13.60  cryptsetup-2.8.8-1-x86_64 downloading...
#11 13.60  libstdc++-16.2.1+r23+gd564253eb6c8-1-x86_64 downloading...
#11 13.60  xz-5.8.4-1-x86_64 downloading...
#11 13.60  libcap-2.78-1-x86_64 downloading...
#11 13.60  libxml2-2.15.4-1-x86_64 downloading...
#11 13.60  tar-1.35-5-x86_64 downloading...
#11 13.60  libgcrypt-1.12.4-1-x86_64 downloading...
#11 13.60  libunistring-1.4.2-1-x86_64 downloading...
#11 13.60  libelf-0.196-1-x86_64 downloading...
#11 13.60  pam-1.7.2-2-x86_64 downloading...
#11 13.60  libarchive-3.8.9-1-x86_64 downloading...
#11 13.60  util-linux-libs-2.42.3-1-x86_64 downloading...
#11 13.60  findutils-4.11.0-1-x86_64 downloading...
#11 13.60  libasan-16.2.1+r23+gd564253eb6c8-1-x86_64 downloading...
#11 13.60  libp11-kit-0.26.5-1-x86_64 downloading...
#11 13.60  zstd-1.5.7-3-x86_64 downloading...
#11 13.60  libtsan-16.2.1+r23+gd564253eb6c8-1-x86_64 downloading...
#11 13.60  nettle-4.0-1-x86_64 downloading...
#11 13.60  nftables-1:1.1.7-3-x86_64 downloading...
#11 15.13  file-5.48-1-x86_64 downloading...
#11 15.13  gmp-6.3.0-3-x86_64 downloading...
#11 15.13  mpfr-4.2.2-1-x86_64 downloading...
#11 15.13  libnl-3.12.0-1-x86_64 downloading...
#11 15.13  iptables-1:1.8.13-1-x86_64 downloading...
#11 15.13  readline-8.3.003-1-x86_64 downloading...
#11 15.13  audit-4.2.1-1-x86_64 downloading...
#11 15.13  iana-etc-20260617-1-any downloading...
#11 15.13  brotli-1.2.0-1-x86_64 downloading...
#11 15.13  ca-certificates-mozilla-3.129-1-x86_64 downloading...
#11 15.13  dbus-1.16.2-1-x86_64 downloading...
#11 15.13  gpgme-2.2.0-1-x86_64 downloading...
#11 15.13  device-mapper-2.03.42-1-x86_64 downloading...
#11 15.13  tzdata-2026d-1-x86_64 downloading...
#11 15.13  libpcap-1.10.7-1-x86_64 downloading...
#11 15.13  libevent-2.1.13-2-x86_64 downloading...
#11 15.13  libldap-2.7.1-1-x86_64 downloading...
#11 15.13  libgpg-error-1.61-1-x86_64 downloading...
#11 15.13  libhwasan-16.2.1+r23+gd564253eb6c8-1-x86_64 downloading...
#11 15.13  libbpf-1.7.0-1-x86_64 downloading...
#11 15.13  libssh2-1.11.1-7-x86_64 downloading...
#11 15.13  psmisc-23.7-2-x86_64 downloading...
#11 15.13  p11-kit-0.26.5-1-x86_64 downloading...
#11 15.13  gdbm-1.26-2-x86_64 downloading...
#11 15.13  grep-3.12-2-x86_64 downloading...
#11 15.13  libgomp-16.2.1+r23+gd564253eb6c8-1-x86_64 downloading...
#11 16.22  liblsan-16.2.1+r23+gd564253eb6c8-1-x86_64 downloading...
#11 16.22  libngtcp2-1.25.0-1-x86_64 downloading...
#11 16.22  sed-4.10-2-x86_64 downloading...
#11 16.22  libubsan-16.2.1+r23+gd564253eb6c8-1-x86_64 downloading...
#11 16.22  libsecret-0.21.7-1-x86_64 downloading...
#11 16.22  libtirpc-1.3.8-1-x86_64 downloading...
#11 16.22  pinentry-1.3.3-1-x86_64 downloading...
#11 16.22  libquadmath-16.2.1+r23+gd564253eb6c8-1-x86_64 downloading...
#11 16.22  lz4-1:1.10.0-2-x86_64 downloading...
#11 16.22  libksba-1.8.1-1-x86_64 downloading...
#11 16.22  pciutils-3.15.0-1-x86_64 downloading...
#11 16.22  acl-2.4.0-1-x86_64 downloading...
#11 16.22  dbus-broker-37-3-x86_64 downloading...
#11 16.22  libsasl-2.1.28-5-x86_64 downloading...
#11 16.22  iputils-20250605-1-x86_64 downloading...
#11 16.22  libtasn1-4.21.0-1-x86_64 downloading...
#11 16.22  libidn2-2.3.8-1-x86_64 downloading...
#11 16.22  expat-2.8.4-1-x86_64 downloading...
#11 16.22  kmod-34.2-1-x86_64 downloading...
#11 16.22  gnulib-l10n-20241231-1-any downloading...
#11 16.22  lmdb-0.9.35-1-x86_64 downloading...
#11 16.22  libassuan-3.0.0-1-x86_64 downloading...
#11 16.22  licenses-20240728-1-any downloading...
#11 16.22  keyutils-1.6.3-4-x86_64 downloading...
#11 16.22  libnghttp2-1.70.0-1-x86_64 downloading...
#11 17.03  libseccomp-2.6.0-1-x86_64 downloading...
#11 17.03  jansson-2.15.1-1-x86_64 downloading...
#11 17.03  libxcrypt-4.5.2-1-x86_64 downloading...
#11 17.03  libpsl-0.21.5-2-x86_64 downloading...
#11 17.03  gzip-1.14-2-x86_64 downloading...
#11 17.03  libnghttp3-1.18.0-1-x86_64 downloading...
#11 17.03  zlib-1:1.3.2-3-x86_64 downloading...
#11 17.03  libusb-1.0.30-1-x86_64 downloading...
#11 17.03  libgcc-16.2.1+r23+gd564253eb6c8-1-x86_64 downloading...
#11 17.03  libnftnl-1.3.2-1-x86_64 downloading...
#11 17.03  popt-1.19-2-x86_64 downloading...
#11 17.03  attr-2.6.0-1-x86_64 downloading...
#11 17.03  libcap-ng-0.9.6-1-x86_64 downloading...
#11 17.03  json-c-0.19-1-x86_64 downloading...
#11 17.03  bzip2-1.0.8-6-x86_64 downloading...
#11 17.03  libffi-3.8.0-1-x86_64 downloading...
#11 17.03  libsysprof-capture-50.0-6-x86_64 downloading...
#11 17.03  libnetfilter_conntrack-1.1.1-1-x86_64 downloading...
#11 17.03  libobjc-16.2.1+r23+gd564253eb6c8-1-x86_64 downloading...
#11 17.03  npth-1.8-1-x86_64 downloading...
#11 17.03  libnsl-2.0.1-2-x86_64 downloading...
#11 17.03  libverto-0.3.2-6-x86_64 downloading...
#11 17.03  libnfnetlink-1.0.2-2-x86_64 downloading...
#11 17.03  filesystem-2025.10.12-1-any downloading...
#11 17.03  libatomic-16.2.1+r23+gd564253eb6c8-1-x86_64 downloading...
#11 17.35  libmnl-1.0.5-2-x86_64 downloading...
#11 17.35  ca-certificates-utils-20240618-1-any downloading...
#11 17.35  systemd-sysvcompat-261.3-1-x86_64 downloading...
#11 17.35  pacman-mirrorlist-20260610-1-any downloading...
#11 17.35  libmakepkg-dropins-20-2-any downloading...
#11 17.35  pambase-20260616-1-any downloading...
#11 17.35  gcc-libs-16.2.1+r23+gd564253eb6c8-1-x86_64 downloading...
#11 17.35  dbus-broker-units-37-3-x86_64 downloading...
#11 17.35  base-3-3-any downloading...
#11 17.35  dbus-units-37-3-x86_64 downloading...
#11 17.35  ca-certificates-20240618-1-any downloading...
#11 17.35 checking keyring...
#11 17.42 checking package integrity...
#11 18.98 loading package files...
#11 19.10 checking for file conflicts...
#11 19.14 :: Processing package changes...
#11 19.14 installing iana-etc...
#11 19.14 installing filesystem...
#11 19.14 installing linux-api-headers...
#11 19.19 installing tzdata...
#11 19.24 Optional dependencies for tzdata
#11 19.24     bash: for tzselect [pending]
#11 19.24     glibc: for zdump, zic [pending]
#11 19.24 installing glibc...
#11 19.35 Optional dependencies for glibc
#11 19.35     gd: for memusagestat
#11 19.35     perl: for mtrace
#11 19.35 installing libgcc...
#11 19.35 installing libstdc++...
#11 19.35 installing libasan...
#11 19.36 installing libatomic...
#11 19.36 installing libgfortran...
#11 19.36 installing libgomp...
#11 19.37 installing libhwasan...
#11 19.37 installing liblsan...
#11 19.37 installing libobjc...
#11 19.37 installing libquadmath...
#11 19.37 installing libtsan...
#11 19.37 installing libubsan...
#11 19.37 installing gcc-libs...
#11 19.37 installing ncurses...
#11 19.49 Optional dependencies for ncurses
#11 19.49     bash: for ncursesw6-config [pending]
#11 19.49 installing readline...
#11 19.50 installing bash...
#11 19.52 Optional dependencies for bash
#11 19.52     bash-completion: for tab completion
#11 19.52 installing acl...
#11 19.52 installing attr...
#11 19.52 installing gmp...
#11 19.53 installing zlib...
#11 19.53 installing sqlite...
#11 19.55 installing util-linux-libs...
#11 19.56 Optional dependencies for util-linux-libs
#11 19.56     python: python bindings to libmount
#11 19.56 installing e2fsprogs...
#11 19.58 Optional dependencies for e2fsprogs
#11 19.58     lvm2: for e2scrub
#11 19.58     util-linux: for e2scrub [pending]
#11 19.58     smtp-forwarder: for e2scrub_fail script
#11 19.58 installing keyutils...
#11 19.58 installing gdbm...
#11 19.58 installing brotli...
#11 19.58 installing xz...
#11 19.60 installing lz4...
#11 19.60 installing zstd...
#11 19.61 installing openssl...
#11 19.82 Optional dependencies for openssl
#11 19.82     ca-certificates [pending]
#11 19.82     perl
#11 19.82 installing libsasl...
#11 19.83 installing libldap...
#11 19.83 installing libevent...
#11 19.84 Optional dependencies for libevent
#11 19.84     python: event_rpcgen.py
#11 19.84 installing libverto...
#11 19.84 installing lmdb...
#11 19.84 installing krb5...
#11 19.85 installing libcap-ng...
#11 19.85 installing audit...
#11 19.86 Optional dependencies for audit
#11 19.86     audispd-plugins: for audit event dispatcher plugins
#11 19.86     audispd-plugins-zos: for z/OS audit event dispatcher plugin
#11 19.86 installing libxcrypt...
#11 19.86 installing libtirpc...
#11 19.87 installing libnsl...
#11 19.87 installing pambase...
#11 19.87 installing libgpg-error...
#11 19.87 installing libgcrypt...
#11 19.88 installing systemd-libs...
#11 19.91 installing pam...
#11 19.93 installing libcap...
#11 19.94 installing coreutils...
#11 19.97 installing bzip2...
#11 19.97 installing libseccomp...
#11 19.97 installing file...
#11 19.98 installing findutils...
#11 19.99 installing mpfr...
#11 19.99 installing gawk...
#11 20.00 installing pcre2...
#11 20.02 Optional dependencies for pcre2
#11 20.02     sh: for pcre2-config [installed]
#11 20.02 installing grep...
#11 20.02 installing procps-ng...
#11 20.03 installing sed...
#11 20.03 installing tar...
#11 20.04 installing libtasn1...
#11 20.04 installing libffi...
#11 20.04 installing libp11-kit...
#11 20.05 installing p11-kit...
#11 20.11 installing ca-certificates-utils...
#11 20.11 installing ca-certificates-mozilla...
#11 20.11 installing ca-certificates...
#11 20.11 installing libunistring...
#11 20.11 installing libidn2...
#11 20.12 installing libnghttp2...
#11 20.12 installing libnghttp3...
#11 20.12 installing nettle...
#11 20.12 installing leancrypto...
#11 20.13 installing gnutls...
#11 20.19 Optional dependencies for gnutls
#11 20.19     tpm2-tss: support for TPM2 wrapped keys [pending]
#11 20.19 installing libngtcp2...
#11 20.19 installing libpsl...
#11 20.19 installing libssh2...
#11 20.20 installing curl...
#11 20.22 installing json-c...
#11 20.22 installing gnulib-l10n...
#11 20.23 installing icu...
#11 20.31 installing libxml2...
#11 20.31 Optional dependencies for libxml2
#11 20.31     python: Python bindings
#11 20.31 installing gettext...
#11 20.35 Optional dependencies for gettext
#11 20.35     git: for autopoint infrastructure updates
#11 20.35     appstream: for appstream support
#11 20.35 installing hwdata...
#11 20.37 installing kmod...
#11 20.37 installing pciutils...
#11 20.37 Optional dependencies for pciutils
#11 20.37     which: for update-pciids
#11 20.37     grep: for update-pciids [installed]
#11 20.37     curl: for update-pciids [installed]
#11 20.37 installing psmisc...
#11 20.37 installing shadow...
#11 20.39 installing util-linux...
#11 20.47 Optional dependencies for util-linux
#11 20.47     words: default dictionary for look
#11 20.47 installing gzip...
#11 20.48 Optional dependencies for gzip
#11 20.48     less: zless support
#11 20.48     util-linux: zmore support [installed]
#11 20.48     diffutils: zdiff/zcmp support
#11 20.48 installing licenses...
#11 20.51 installing libksba...
#11 20.51 installing libusb...
#11 20.52 installing libassuan...
#11 20.52 installing libsysprof-capture...
#11 20.52 installing glib2...
#11 20.60 Optional dependencies for glib2
#11 20.60     dconf: GSettings storage backend
#11 20.60     glib2-devel: development tools
#11 20.60     gvfs: most gio functionality
#11 20.60 installing tpm2-tss...
#11 20.62 installing libsecret...
#11 20.62 Optional dependencies for libsecret
#11 20.62     org.freedesktop.secrets: secret storage backend
#11 20.62 installing pinentry...
#11 20.63 Optional dependencies for pinentry
#11 20.63     gcr: GNOME backend
#11 20.63     gtk3: GTK backend
#11 20.63     kguiaddons: Qt6 backend
#11 20.63     kwindowsystem: Qt6 backend
#11 20.63 installing npth...
#11 20.63 installing gnupg...
#11 20.65 Optional dependencies for gnupg
#11 20.65     pcsclite: for using scdaemon not with the gnupg internal card driver
#11 20.65 installing gpgme...
#11 20.65 installing libarchive...
#11 20.66 installing pacman-mirrorlist...
#11 20.66 installing device-mapper...
#11 20.66 installing popt...
#11 20.66 installing cryptsetup...
#11 20.67 installing expat...
#11 20.67 installing dbus...
#11 20.68 installing dbus-broker...
#11 20.68 installing dbus-broker-units...
#11 20.68 installing dbus-units...
#11 20.68 installing kbd...
#11 20.71 installing libelf...
#11 20.72 installing systemd...
#11 20.90 Initializing machine ID from random generator.
#11 20.91 Creating group 'sys' with GID 3.
#11 20.91 Creating group 'mem' with GID 8.
#11 20.91 Creating group 'ftp' with GID 11.
#11 20.91 Creating group 'mail' with GID 12.
#11 20.91 Creating group 'log' with GID 19.
#11 20.91 Creating group 'smmsp' with GID 25.
#11 20.91 Creating group 'proc' with GID 26.
#11 20.91 Creating group 'games' with GID 50.
#11 20.91 Creating group 'lock' with GID 54.
#11 20.91 Creating group 'network' with GID 90.
#11 20.91 Creating group 'floppy' with GID 94.
#11 20.91 Creating group 'scanner' with GID 96.
#11 20.91 Creating group 'power' with GID 98.
#11 20.91 Creating group 'nobody' with GID 65534.
#11 20.91 Creating group 'adm' with GID 999.
#11 20.91 Creating group 'wheel' with GID 998.
#11 20.91 Creating group 'empower' with GID 997.
#11 20.91 Creating group 'utmp' with GID 996.
#11 20.91 Creating group 'audio' with GID 995.
#11 20.91 Creating group 'clock' with GID 994.
#11 20.91 Creating group 'disk' with GID 993.
#11 20.91 Creating group 'input' with GID 992.
#11 20.91 Creating group 'kmem' with GID 991.
#11 20.91 Creating group 'kvm' with GID 990.
#11 20.91 Creating group 'lp' with GID 989.
#11 20.91 Creating group 'optical' with GID 988.
#11 20.91 Creating group 'render' with GID 987.
#11 20.91 Creating group 'sgx' with GID 986.
#11 20.91 Creating group 'storage' with GID 985.
#11 20.91 Creating group 'tty' with GID 5.
#11 20.91 Creating group 'uucp' with GID 984.
#11 20.91 Creating group 'video' with GID 983.
#11 20.91 Creating group 'users' with GID 982.
#11 20.91 Creating group 'systemd-journal' with GID 981.
#11 20.91 Creating group 'rfkill' with GID 980.
#11 20.91 Creating group 'bin' with GID 1.
#11 20.91 Creating user 'bin' (n/a) with UID 1 and GID 1.
#11 20.91 Creating group 'daemon' with GID 2.
#11 20.91 Creating user 'daemon' (n/a) with UID 2 and GID 2.
#11 20.91 Creating user 'mail' (n/a) with UID 8 and GID 12.
#11 20.91 Creating user 'ftp' (n/a) with UID 14 and GID 11.
#11 20.91 Creating group 'http' with GID 33.
#11 20.91 Creating user 'http' (n/a) with UID 33 and GID 33.
#11 20.91 Creating user 'nobody' (Kernel Overflow User) with UID 65534 and GID 65534.
#11 20.91 Creating group 'dbus' with GID 81.
#11 20.91 Creating user 'dbus' (System Message Bus) with UID 81 and GID 81.
#11 20.91 Creating group 'systemd-coredump' with GID 979.
#11 20.91 Creating user 'systemd-coredump' (systemd Core Dumper) with UID 979 and GID 979.
#11 20.91 Creating group 'systemd-imds' with GID 978.
#11 20.91 Creating user 'systemd-imds' (systemd Instance Metadata) with UID 978 and GID 978.
#11 20.91 Creating group 'systemd-network' with GID 977.
#11 20.91 Creating user 'systemd-network' (systemd Network Management) with UID 977 and GID 977.
#11 20.91 Creating group 'systemd-oom' with GID 976.
#11 20.91 Creating user 'systemd-oom' (systemd Userspace OOM Killer) with UID 976 and GID 976.
#11 20.91 Creating group 'systemd-journal-remote' with GID 975.
#11 20.91 Creating user 'systemd-journal-remote' (systemd Journal Remote) with UID 975 and GID 975.
#11 20.91 Creating group 'systemd-resolve' with GID 974.
#11 20.91 Creating user 'systemd-resolve' (systemd Resolver) with UID 974 and GID 974.
#11 20.91 Creating group 'systemd-timesync' with GID 973.
#11 20.91 Creating user 'systemd-timesync' (systemd Time Synchronization) with UID 973 and GID 973.
#11 20.91 Creating group 'tss' with GID 972.
#11 20.91 Creating user 'tss' (tss user for tpm2) with UID 972 and GID 972.
#11 20.91 Creating group 'uuidd' with GID 971.
#11 20.91 Creating user 'uuidd' (UUID generator helper daemon) with UID 971 and GID 971.
#11 20.94 /proc/ is not mounted. This is not a supported mode of operation. Please fix
#11 20.94 your invocation environment to mount /proc/ and /sys/ properly. Proceeding anyway.
#11 20.94 Your mileage may vary.
#11 20.94 Created symlink '/etc/systemd/system/autovt@.service' → '/usr/lib/systemd/system/getty@.service'.
#11 20.94 Created symlink '/etc/systemd/system/getty.target.wants/getty@tty1.service' → '/usr/lib/systemd/system/getty@.service'.
#11 20.94 Created symlink '/etc/systemd/system/multi-user.target.wants/remote-fs.target' → '/usr/lib/systemd/system/remote-fs.target'.
#11 20.94 Created symlink '/etc/systemd/system/sockets.target.wants/systemd-userdbd.socket' → '/usr/lib/systemd/system/systemd-userdbd.socket'.
#11 20.94 Optional dependencies for systemd
#11 20.94     apparmor: additional security features
#11 20.94     curl: systemd-journal-upload, machinectl pull-tar and pull-raw [installed]
#11 20.94     gnutls: systemd-journal-gatewayd and systemd-journal-remote [installed]
#11 20.94     iptables: firewall features [pending]
#11 20.94     libarchive: convert DDIs to tarballs [installed]
#11 20.94     libbpf: support BPF programs [pending]
#11 20.94     libfido2: unlocking LUKS2 volumes with FIDO2 token
#11 20.94     libmicrohttpd: systemd-journal-gatewayd and systemd-journal-remote
#11 20.94     libp11-kit: support PKCS#11 [installed]
#11 20.94     libpwquality: check password quality
#11 20.94     polkit: allow administration as unprivileged user
#11 20.94     qemu-base: systemd-vmspawn
#11 20.94     qrencode: show QR codes
#11 20.94     quota-tools: kernel-level quota management
#11 20.94     systemd-sysvcompat: symlink package to provide sysvinit binaries [pending]
#11 20.94     systemd-ukify: combine kernel and initrd into a signed Unified Kernel Image
#11 20.94     tpm2-tss: unlocking LUKS2 volumes with TPM2 [installed]
#11 20.94 installing jansson...
#11 20.94 installing binutils...
#11 21.02 Optional dependencies for binutils
#11 21.02     debuginfod: for debuginfod server/client functionality
#11 21.02     perl: for gprofng-display-html
#11 21.02 installing libmakepkg-dropins...
#11 21.02 installing pacman...
#11 21.04 Optional dependencies for pacman
#11 21.04     base-devel: required to use makepkg
#11 21.04     perl-locale-gettext: translation support in makepkg-template
#11 21.04 installing archlinux-keyring...
#11 21.10 installing systemd-sysvcompat...
#11 21.10 installing iputils...
#11 21.11 installing libmnl...
#11 21.11 installing libnfnetlink...
#11 21.11 installing libnetfilter_conntrack...
#11 21.11 installing libnftnl...
#11 21.11 installing libnl...
#11 21.12 installing libpcap...
#11 21.12 installing nftables...
#11 21.13 Optional dependencies for nftables
#11 21.13     python: Python bindings
#11 21.13     python-jsonschema: Python bindings
#11 21.13 installing iptables...
#11 21.14 installing libbpf...
#11 21.14 installing iproute2...
#11 21.15 Optional dependencies for iproute2
#11 21.15     db: userspace arp daemon
#11 21.15     linux-atm: ATM support
#11 21.15     python: for routel
#11 21.15 installing base...
#11 21.15 Optional dependencies for base
#11 21.15     linux: bare metal support
#11 21.24 :: Running post-transaction hooks...
#11 21.24 ( 1/14) Generating the configured locale...
#11 21.28 Generating locales...
#11 21.29 Generation complete.
#11 21.29 ( 2/14) Configuring dynamic linker run-time bindings...
#11 21.34 ( 3/14) Creating iconv module configuration cache...
#11 21.39 ( 4/14) Creating system user accounts...
#11 21.43 Creating group 'alpm' with GID 970.
#11 21.43 Creating user 'alpm' (Arch Linux Package Management) with UID 970 and GID 970.
#11 21.46 ( 5/14) Creating temporary files...
#11 21.50 /proc/ is not mounted, but required for successful operation of systemd-tmpfiles. Please mount /proc/. Alternatively, consider using the --root= or --image= switches.
#11 21.50 ( 6/14) Updating journal message catalog...
#11 21.50 error: command failed to execute correctly
#11 21.55 Failed to open file /usr/lib/systemd/catalog/dbus-broker-launch.catalog: No such file or directory
#11 21.55 Failed to import file '/usr/lib/systemd/catalog/dbus-broker-launch.catalog': No such file or directory
#11 21.55 Failed to update catalog: No such file or directory
#11 21.55 ( 7/14) Updating udev hardware database...
#11 21.55 error: command failed to execute correctly
#11 21.62 ( 8/14) Applying kernel sysctl settings...
#11 21.66   Skipped: Running in chroot.
#11 21.66 ( 9/14) Reloading system manager configuration...
#11 21.71   Skipped: Running in chroot.
#11 21.71 (10/14) Reloading user manager configuration...
#11 21.75   Skipped: Running in chroot.
#11 21.75 (11/14) Reloading device manager configuration...
#11 21.79   Skipped: Running in chroot.
#11 21.79 (12/14) Arming ConditionNeedsUpdate...
#11 21.84 (13/14) Rebuilding certificate stores...
#11 22.17 (14/14) Reloading system bus configuration...
#11 22.22   Skipped: Running in chroot.
#11 22.25 ==> Installation complete
#11 DONE 22.4s

#12 [builder 1/9] COPY --from=bootstrapper /rootfs/ /
#12 DONE 2.1s

#13 [builder 2/9] RUN ln -sf /usr/lib/os-release /etc/os-release &&     locale-gen &&     pacman-key --init &&     if pacman -Q archlinuxarm-keyring >/dev/null 2>&1; then         pacman-key --populate archlinux archlinuxarm &&         pacman-key --lsign-key 77193F152BDBE6A6;     else         pacman-key --populate archlinux;     fi
#13 0.270 Generating locales...
#13 0.270   en_US.UTF-8... done
#13 0.949 Generation complete.
#13 0.973 gpg: /etc/pacman.d/gnupg/trustdb.gpg: trustdb created
#13 0.973 gpg: no ultimately trusted keys found
#13 0.983 gpg: starting migration from earlier GnuPG versions
#13 0.986 gpg: porting secret keys from '/etc/pacman.d/gnupg/secring.gpg' to gpg-agent
#13 0.986 gpg: migration succeeded
#13 0.987 ==> Generating pacman master key. This may take some time.
#13 0.988 gpg: Generating pacman keyring master key...
#13 1.536 gpg: directory '/etc/pacman.d/gnupg/openpgp-revocs.d' created
#13 1.551 gpg: revocation certificate stored as '/etc/pacman.d/gnupg/openpgp-revocs.d/DCE0FE0C24E9655E6A417117CDD2F9A6106A4564.rev'
#13 1.551 gpg: Done
#13 1.552 ==> Updating trust database...
#13 1.553 gpg: marginals needed: 3  completes needed: 1  trust model: pgp
#13 1.553 gpg: depth: 0  valid:   1  signed:   0  trust: 0-, 0q, 0n, 0m, 0f, 1u
#13 1.574 ==> Appending keys from archlinux.gpg...
#13 3.508 ==> Locally signing trusted keys in keyring...
#13 3.831   -> Locally signed 5 keys.
#13 3.832 ==> Importing owner trust values...
#13 3.833 gpg: setting ownertrust to 4
#13 3.833 gpg: setting ownertrust to 4
#13 3.833 gpg: setting ownertrust to 4
#13 3.833 gpg: inserting ownertrust of 4
#13 3.833 gpg: setting ownertrust to 4
#13 3.834 ==> Disabling revoked keys in keyring...
#13 3.967   -> Disabled 38 keys.
#13 3.968 ==> Updating trust database...
#13 3.970 gpg: Note: third-party key signatures using the SHA1 algorithm are rejected
#13 3.970 gpg: (use option "--allow-weak-key-signatures" to override)
#13 3.985 gpg: marginals needed: 3  completes needed: 1  trust model: pgp
#13 4.005 gpg: depth: 0  valid:   1  signed:   5  trust: 0-, 0q, 0n, 0m, 0f, 1u
#13 4.024 gpg: depth: 1  valid:   5  signed:  89  trust: 0-, 0q, 0n, 5m, 0f, 0u
#13 4.034 gpg: depth: 2  valid:  78  signed:  18  trust: 78-, 0q, 0n, 0m, 0f, 0u
#13 4.034 gpg: next trustdb check due at 2026-10-26
#13 DONE 4.1s

#14 [builder 3/9] RUN pacman-key --recv-keys 40DFB630FF42BCFFB047046CF0134EE680CAC571 --keyserver keys.openpgp.org &&     pacman-key --lsign-key 40DFB630FF42BCFFB047046CF0134EE680CAC571 &&     printf '\n[omarchy]\nSigLevel = Optional\nServer = https://pkgs.omarchy.org/%s/x86_64\n' "edge" >> /etc/pacman.conf &&     pacman -Sy --noconfirm &&     pacman -S --noconfirm omarchy-keyring &&     pacman-key --populate omarchy &&     sed -i '/^\[omarchy\]/,/^$/d' /etc/pacman.conf
#14 1.433 gpg: key F0134EE680CAC571: public key "Omarchy <pkgs@omarchy.org>" imported
#14 1.436 gpg: Total number processed: 1
#14 1.436 gpg:               imported: 1
#14 1.472   -> Locally signed 1 key.
#14 1.472 ==> Updating trust database...
#14 1.474 gpg: Note: third-party key signatures using the SHA1 algorithm are rejected
#14 1.474 gpg: (use option "--allow-weak-key-signatures" to override)
#14 1.489 gpg: marginals needed: 3  completes needed: 1  trust model: pgp
#14 1.510 gpg: depth: 0  valid:   1  signed:   6  trust: 0-, 0q, 0n, 0m, 0f, 1u
#14 1.529 gpg: depth: 1  valid:   6  signed:  89  trust: 1-, 0q, 0n, 5m, 0f, 0u
#14 1.540 gpg: depth: 2  valid:  78  signed:  18  trust: 78-, 0q, 0n, 0m, 0f, 0u
#14 1.540 gpg: next trustdb check due at 2026-10-26
#14 1.548 :: Synchronizing package databases...
#14 2.820  core downloading...
#14 2.820  extra downloading...
#14 2.820  omarchy downloading...
#14 2.956 resolving dependencies...
#14 2.956 looking for conflicting packages...
#14 2.956 
#14 2.956 Packages (1) omarchy-keyring-20251027-1
#14 2.956 
#14 2.956 Total Download Size:   0.01 MiB
#14 2.956 Total Installed Size:  0.00 MiB
#14 2.956 
#14 2.956 :: Proceed with installation? [Y/n] 
#14 2.956 :: Retrieving packages...
#14 3.008  omarchy-keyring-20251027-1-any downloading...
#14 3.008 checking keyring...
#14 3.021 checking package integrity...
#14 3.027 loading package files...
#14 3.027 checking for file conflicts...
#14 3.027 :: Processing package changes...
#14 3.027 installing omarchy-keyring...
#14 3.108 ==> Appending keys from omarchy.gpg...
#14 3.123 ==> Updating trust database...
#14 3.124 gpg: next trustdb check due at 2026-10-26
#14 3.178 :: Running post-transaction hooks...
#14 3.178 (1/1) Arming ConditionNeedsUpdate...
#14 3.259 ==> Appending keys from omarchy.gpg...
#14 3.272 ==> Updating trust database...
#14 3.273 gpg: next trustdb check due at 2026-10-26
#14 DONE 3.3s

#15 [builder 4/9] RUN pacman -Syu --noconfirm &&     pacman -S --noconfirm         base-devel         git         sudo         wget         curl         jq         gnupg &&     pacman -Scc --noconfirm &&     rm -rf /var/cache/pacman/pkg/*
#15 0.146 :: Synchronizing package databases...
#15 0.286  core downloading...
#15 0.286  extra downloading...
#15 0.286 :: Starting full system upgrade...
#15 0.433  there is nothing to do
#15 0.567 resolving dependencies...
#15 0.567 warning: curl-8.22.0-1 is up to date -- reinstalling
#15 0.567 warning: gnupg-2.4.9-3 is up to date -- reinstalling
#15 0.568 looking for conflicting packages...
#15 0.570 
#15 0.570 Packages (43) autoconf-2.73-1  automake-1.18.1-1  bison-3.8.2-8  boost-libs-1.92.0-1  cpio-2.15-3  db5.3-5.3.28-7  debugedit-5.3-2  diffutils-3.12-2  elfutils-0.196-1  fakeroot-1:1.37.2-3  flex-2.6.4-6  gc-8.2.12-1  gcc-16.2.1+r23+gd564253eb6c8-1  gdb-17.2-1  gdb-common-17.2-1  groff-1.24.1-1  guile-3.0.11-1  libisl-0.28-1  libmpc-1.4.1-1  libtool-2.6.2-5  m4-1.4.21-2  make-4.4.1-3  mpdecimal-4.0.1-3  oniguruma-6.9.10-1  patch-2.8-1  perl-5.42.2-2  perl-error-0.17030-3  perl-mailtools-2.22-3  perl-timedate-2.35-1  pkgconf-3.0.7-1  python-3.14.7-1  source-highlight-3.1.9-19  texinfo-7.3-1  which-2.25-1  xxhash-0.8.3-1  zlib-ng-2.3.3-1  base-devel-1-2  curl-8.22.0-1  git-2.55.0-1  gnupg-2.4.9-3  jq-1.8.2-1  sudo-1.9.17.p2-6  wget-1.25.0-6
#15 0.570 
#15 0.570 Total Download Size:   142.28 MiB
#15 0.570 Total Installed Size:  621.45 MiB
#15 0.570 Net Upgrade Size:      608.79 MiB
#15 0.570 
#15 0.570 :: Proceed with installation? [Y/n] 
#15 0.570 :: Retrieving packages...
#15 20.31  gcc-16.2.1+r23+gd564253eb6c8-1-x86_64 downloading...
#15 20.31  perl-5.42.2-2-x86_64 downloading...
#15 20.31  python-3.14.7-1-x86_64 downloading...
#15 20.31  guile-3.0.11-1-x86_64 downloading...
#15 20.31  gdb-17.2-1-x86_64 downloading...
#15 20.31  git-2.55.0-1-x86_64 downloading...
#15 20.31  boost-libs-1.92.0-1-x86_64 downloading...
#15 20.31  gnupg-2.4.9-3-x86_64 downloading...
#15 20.31  groff-1.24.1-1-x86_64 downloading...
#15 20.31  texinfo-7.3-1-x86_64 downloading...
#15 20.31  sudo-1.9.17.p2-6-x86_64 downloading...
#15 20.31  curl-8.22.0-1-x86_64 downloading...
#15 20.31  db5.3-5.3.28-7-x86_64 downloading...
#15 20.31  libisl-0.28-1-x86_64 downloading...
#15 20.31  bison-3.8.2-8-x86_64 downloading...
#15 20.31  source-highlight-3.1.9-19-x86_64 downloading...
#15 20.31  wget-1.25.0-6-x86_64 downloading...
#15 20.31  elfutils-0.196-1-x86_64 downloading...
#15 20.31  autoconf-2.73-1-any downloading...
#15 20.31  automake-1.18.1-1-any downloading...
#15 20.31  make-4.4.1-3-x86_64 downloading...
#15 20.31  libtool-2.6.2-5-x86_64 downloading...
#15 20.31  diffutils-3.12-2-x86_64 downloading...
#15 20.31  flex-2.6.4-6-x86_64 downloading...
#15 20.31  m4-1.4.21-2-x86_64 downloading...
#15 20.31  gc-8.2.12-1-x86_64 downloading...
#15 20.31  cpio-2.15-3-x86_64 downloading...
#15 20.31  oniguruma-6.9.10-1-x86_64 downloading...
#15 20.31  jq-1.8.2-1-x86_64 downloading...
#15 20.31  pkgconf-3.0.7-1-x86_64 downloading...
#15 20.31  gdb-common-17.2-1-x86_64 downloading...
#15 20.31  zlib-ng-2.3.3-1-x86_64 downloading...
#15 20.31  mpdecimal-4.0.1-3-x86_64 downloading...
#15 20.31  xxhash-0.8.3-1-x86_64 downloading...
#15 20.31  libmpc-1.4.1-1-x86_64 downloading...
#15 20.31  patch-2.8-1-x86_64 downloading...
#15 20.31  fakeroot-1:1.37.2-3-x86_64 downloading...
#15 20.31  perl-timedate-2.35-1-any downloading...
#15 20.31  perl-mailtools-2.22-3-any downloading...
#15 20.31  debugedit-5.3-2-x86_64 downloading...
#15 20.31  perl-error-0.17030-3-any downloading...
#15 20.31  which-2.25-1-x86_64 downloading...
#15 20.31  base-devel-1-2-any downloading...
#15 20.31 checking keyring...
#15 20.36 checking package integrity...
#15 20.82 loading package files...
#15 20.86 checking for file conflicts...
#15 20.89 :: Processing package changes...
#15 20.89 installing m4...
#15 20.89 installing diffutils...
#15 20.90 installing db5.3...
#15 20.91 installing perl...
#15 21.19 installing autoconf...
#15 21.20 installing automake...
#15 21.20 reinstalling curl...
#15 21.25 installing bison...
#15 21.26 installing xxhash...
#15 21.26 installing cpio...
#15 21.27 installing elfutils...
#15 21.27 installing boost-libs...
#15 21.34 Optional dependencies for boost-libs
#15 21.34     openmpi: for mpi support
#15 21.34 installing mpdecimal...
#15 21.34 installing python...
#15 21.62 Optional dependencies for python
#15 21.62     python-setuptools: for building Python packages using tooling that is usually bundled with Python
#15 21.62     python-pip: for installing Python packages using tooling that is usually bundled with Python
#15 21.62     python-pipx: for installing Python software not packaged on Arch Linux
#15 21.62     sqlite: for a default database integration [installed]
#15 21.62     xz: for lzma [installed]
#15 21.62     tk: for tkinter
#15 21.62 installing gc...
#15 21.62 installing guile...
#15 21.73 installing gdb-common...
#15 21.74 installing source-highlight...
#15 21.76 Optional dependencies for source-highlight
#15 21.76     lesspipe: src-hilite-lesspipe.sh
#15 21.76 installing gdb...
#15 21.81 installing debugedit...
#15 21.81 installing fakeroot...
#15 21.81 installing flex...
#15 21.81 installing libisl...
#15 21.83 installing libmpc...
#15 21.83 installing gcc...
#15 22.28 Optional dependencies for gcc
#15 22.28     lib32-gcc-libs: for generating code for 32-bit ABI
#15 22.28 installing groff...
#15 22.32 Optional dependencies for groff
#15 22.32     netpbm: for use together with man -H command interaction in browsers
#15 22.32     psutils: for use together with man -H command interaction in browsers
#15 22.32     libxaw: for gxditview
#15 22.32     perl-file-homedir: for use with glilypond
#15 22.32 installing libtool...
#15 22.33 installing make...
#15 22.33 installing patch...
#15 22.33 Optional dependencies for patch
#15 22.33     ed: for patch -e functionality
#15 22.33 installing pkgconf...
#15 22.33 installing sudo...
#15 22.36 installing texinfo...
#15 22.39 Optional dependencies for texinfo
#15 22.39     perl-archive-zip: EPUB file output via texi2any
#15 22.39 installing which...
#15 22.40 reinstalling gnupg...
#15 22.49 installing base-devel...
#15 22.49 installing perl-error...
#15 22.49 installing perl-timedate...
#15 22.49 installing perl-mailtools...
#15 22.50 installing zlib-ng...
#15 22.50 installing git...
#15 22.61 Optional dependencies for git
#15 22.61     git-zsh-completion: upstream zsh completion
#15 22.61     tk: gitk and git gui
#15 22.61     openssh: ssh transport and crypto
#15 22.61     man: show help with `git command --help`
#15 22.61     perl-libwww: git svn
#15 22.61     perl-term-readkey: git svn and interactive.singlekey setting
#15 22.61     perl-io-socket-ssl: git send-email TLS support
#15 22.61     perl-authen-sasl: git send-email TLS support
#15 22.61     perl-cgi: gitweb (web interface) support
#15 22.61     python: git svn & git p4 [installed]
#15 22.61     subversion: git svn
#15 22.61     org.freedesktop.secrets: keyring credential helper
#15 22.61     libsecret: libsecret credential helper [installed]
#15 22.61     less: the default pager for git
#15 22.61 installing wget...
#15 22.62 Optional dependencies for wget
#15 22.62     ca-certificates: HTTPS downloads [installed]
#15 22.62 installing oniguruma...
#15 22.62 installing jq...
#15 22.74 :: Running post-transaction hooks...
#15 22.74 (1/9) Configuring dynamic linker run-time bindings...
#15 22.80 (2/9) Creating system user accounts...
#15 22.86 Creating group 'git' with GID 969.
#15 22.86 Creating user 'git' (git daemon user) with UID 969 and GID 969.
#15 22.92 (3/9) Creating temporary files...
#15 22.99 (4/9) Reloading system manager configuration...
#15 23.05   Skipped: Current root is not booted.
#15 23.05 (5/9) Reloading user manager configuration...
#15 23.09   Skipped: Current root is not booted.
#15 23.09 (6/9) Enqueuing marked services...
#15 23.14   Skipped: Current root is not booted.
#15 23.14 (7/9) Arming ConditionNeedsUpdate...
#15 23.19 (8/9) Checking for old perl modules...
#15 23.26 (9/9) Updating the info directory file...
#15 23.59 
#15 23.59 Cache directory: /var/cache/pacman/pkg/
#15 23.59 :: Do you want to remove ALL files from cache? [y/N] 
#15 23.59 
#15 23.59 Database directory: /var/lib/pacman/
#15 23.59 :: Do you want to remove unused repositories? [Y/n] 
#15 23.59 removing unused sync repositories...
#15 DONE 23.7s

#16 [builder 5/9] RUN useradd -m -G wheel -s /bin/bash builder &&     echo "builder ALL=(ALL) NOPASSWD: ALL" >> /etc/sudoers &&     mkdir -p /home/builder/.gnupg &&     chmod 700 /home/builder/.gnupg &&     chown -R builder:builder /home/builder
#16 DONE 0.3s

#17 [builder 6/9] RUN sed -i 's/^#MAKEFLAGS=.*/MAKEFLAGS="-j$(nproc)"/' /etc/makepkg.conf &&     sed -i 's/^COMPRESSZST=.*/COMPRESSZST=(zstd -c -z -q --threads=0 -)/' /etc/makepkg.conf &&     sed -i "s|^PKGEXT=.*|PKGEXT='.pkg.tar.zst'|" /etc/makepkg.conf
#17 DONE 0.2s

#18 [builder 7/9] RUN printf '#!/bin/bash\nexec /usr/bin/pacman --ask 4 "$@"\n' > /usr/local/bin/pacman-for-makepkg &&     chmod +x /usr/local/bin/pacman-for-makepkg
#18 DONE 0.2s

#19 [builder 8/9] RUN rm -rf /etc/pacman.d/gnupg/{openpgp-revocs.d/,private-keys-v1.d/,pubring.gpg~,gnupg.S.}*
#19 DONE 0.2s

#20 [builder 9/9] WORKDIR /src
#20 DONE 0.1s

#21 exporting to image
#21 exporting layers
#21 exporting layers 18.0s done
#21 exporting manifest sha256:ea55269a0fb79b4ea1e1848d14f9eae6f69008e32338869096b190ba37f6e652 0.0s done
#21 exporting config sha256:99dee0282526e97542a6f909fb1f66cb1f151d282cd97218a17d2f83801de704 0.0s done
#21 exporting attestation manifest sha256:465d3b1d8a60866cfd2ceb455755936f72591b74dacb62fed110a492265ddc2c 0.0s done
#21 exporting manifest list sha256:0a3b2c9eff8ed3dbe364d3bec32183bb0149baac86c16ea60b576af2e87e7249
#21 exporting manifest list sha256:0a3b2c9eff8ed3dbe364d3bec32183bb0149baac86c16ea60b576af2e87e7249 0.0s done
#21 naming to docker.io/library/omarchy-pkg-builder:latest-x86_64-edge 0.0s done
#21 unpacking to docker.io/library/omarchy-pkg-builder:latest-x86_64-edge
#21 unpacking to docker.io/library/omarchy-pkg-builder:latest-x86_64-edge 8.7s done
#21 DONE 26.9s
[0;34m==>[0m Planning isolated package builds...
==> Package Builder
==> Target architecture: x86_64
==> Mirror: edge
==> Package root: /pkgbuilds
==> Build workspace: /build-output/edge/x86_64
==> Final output: /pkgs.omarchy.org/edge/x86_64
==> Dry run: yes (plan only; makepkg will not run)
==> Checking which packages need building...
==> Checking specified packages: omaspeak-bin
==> 1 package(s) need building: omaspeak-bin
==> Determining build order based on dependencies...
==> Build order: omaspeak-bin

==> Plan complete. Packages that would build: omaspeak-bin
[0;34m==>[0m Building omaspeak-bin in a fresh container...
==> Importing GPG verification keys...
  -> Importing verification keys...
    - Importing key from https://download.spotify.com/debian/pubkey_C85668DF69375001.gpg
gpg: keybox '/home/builder/.gnupg/pubring.kbx' created
gpg: /home/builder/.gnupg/trustdb.gpg: trustdb created
gpg: key C85668DF69375001: public key "Spotify Public Repository Signing Key <tux@spotify.com>" imported
    - Receiving key 3FEF9748469ADBE15DA7CA80AC2D62742012EA22
gpg: Total number processed: 1
gpg:               imported: 1
gpg: key AC2D62742012EA22: public key "Code signing for 1Password <codesign@1password.com>" imported
    - Receiving key FC918B335044912E
gpg: Total number processed: 1
gpg:               imported: 1
gpg: key FC918B335044912E: public key "Dropbox Automatic Signing Key <linux@dropbox.com>" imported
    - Receiving key 647F28654894E3BD457199BE38DBBDC86092693E
gpg: Total number processed: 1
gpg:               imported: 1
gpg: key 38DBBDC86092693E: 1 duplicate signature removed
gpg: key 38DBBDC86092693E: public key "Greg Kroah-Hartman <gregkh@linuxfoundation.org>" imported
    - Receiving key 83BC8889351B5DEBBB68416EB8AC08600F108CDF
gpg: Total number processed: 1
gpg:               imported: 1
gpg: key B8AC08600F108CDF: public key "Jan Alexander Steffens (heftig) <jan.steffens@gmail.com>" imported
gpg: Total number processed: 1
gpg:               imported: 1
  ✓ Verification key import complete
==> Updating build container packages...
:: Synchronizing package databases...
 core downloading...
 extra downloading...
:: Starting full system upgrade...
 there is nothing to do
==> Configuring Omarchy repositories for dependency resolution...
  -> omarchy-build (priority 1): /build-output/edge/x86_64
:: Synchronizing package databases...
 omarchy-build downloading...
 core downloading...
 extra downloading...
==> Package Builder
==> Target architecture: x86_64
==> Mirror: edge
==> Package root: /pkgbuilds
==> Build workspace: /build-output/edge/x86_64
==> Final output: /pkgs.omarchy.org/edge/x86_64

  -> Processing: omaspeak-bin
    New package (version: 0.0.1.rc-1)
==> Making package: omaspeak-bin 0.0.1.rc-1 (Tue 15 Sep 2026 05:11:06 AM UTC)
==> Checking runtime dependencies...
==> Installing missing dependencies...
resolving dependencies...
looking for conflicting packages...

Packages (6) alsa-lib-1.2.16.1-1  alsa-topology-conf-1.2.5.1-4  alsa-ucm-conf-1.2.16.1-1  fftw-3.3.11-1  libsamplerate-0.2.2-3  alsa-utils-1.2.16-1

Total Download Size:    5.85 MiB
Total Installed Size:  15.60 MiB

:: Proceed with installation? [Y/n] 
:: Retrieving packages...
 fftw-3.3.11-1-x86_64 downloading...
 libsamplerate-0.2.2-3-x86_64 downloading...
 alsa-utils-1.2.16-1-x86_64 downloading...
 alsa-lib-1.2.16.1-1-x86_64 downloading...
 alsa-ucm-conf-1.2.16.1-1-any downloading...
 alsa-topology-conf-1.2.5.1-4-any downloading...
checking keyring...
checking package integrity...
loading package files...
checking for file conflicts...
:: Processing package changes...
installing alsa-topology-conf...
installing alsa-ucm-conf...
installing alsa-lib...
installing fftw...
Optional dependencies for fftw
    fftw-openmpi: for OpenMPI integration
installing libsamplerate...
installing alsa-utils...
:: Running post-transaction hooks...
(1/5) Creating temporary files...
(2/5) Reloading system manager configuration...
Failed to check for chroot() environment: Permission denied
  Skipped: Current root is not booted.
(3/5) Reloading device manager configuration...
Failed to check for chroot() environment: Permission denied
  Skipped: Current root is not booted.
(4/5) Arming ConditionNeedsUpdate...
(5/5) Updating the info directory file...
==> Checking buildtime dependencies...
==> Retrieving sources...
  -> Downloading omaspeak-0.0.1-rc-linux-x86_64.tar.xz...
  % Total    % Received % Xferd  Average Speed  Time    Time    Time   Current
                                 Dload  Upload  Total   Spent   Left   Speed
  0      0   0      0   0      0      0      0                              0  0      0   0      0   0      0      0      0                              0  0      0   0      0   0      0      0      0                              0
  0      0   0      0   0      0      0      0                              0 20  9.62M  20  2.01M   0      0  1.45M      0   00:06   00:01   00:05  2.00M 64  9.62M  64  6.24M   0      0  2.62M      0   00:03   00:02   00:01  3.12M100  9.62M 100  9.62M   0      0  3.01M      0   00:03   00:03          3.12M100  9.62M 100  9.62M   0      0  3.01M      0   00:03   00:03          3.12M100  9.62M 100  9.62M   0      0  3.01M      0   00:03   00:03          3.12M
==> Validating source files with sha256sums...
    omaspeak-0.0.1-rc-linux-x86_64.tar.xz ... Passed
==> Extracting sources...
  -> Extracting omaspeak-0.0.1-rc-linux-x86_64.tar.xz with bsdtar
==> Entering fakeroot environment...
==> Starting package()...
==> Tidying install...
  -> Removing libtool files...
  -> Removing static library files...
  -> Purging unwanted files...
  -> Copying source files needed for debug symbols...
  -> Compressing man and info pages...
==> Checking for packaging issues...
==> Creating package "omaspeak-bin"...
  -> Generating .PKGINFO file...
  -> Generating .BUILDINFO file...
  -> Adding install file...
  -> Generating .MTREE file...
  -> Compressing package...
==> Leaving fakeroot environment.
==> Finished making: omaspeak-bin 0.0.1.rc-1 (Tue 15 Sep 2026 05:11:13 AM UTC)
==> Cleaning up...
    Successfully built omaspeak-bin

[1m================================[0m
[1mBuild Summary[0m
[1m================================[0m
  Total packages: 1
  Built:          1
  Skipped:        0 (up-to-date or excluded)
  Failed:         0
  Blocked:        0
[0;32m✓[0m Build completed successfully!
