2284cc9c54c9f65ba3c1c17eb94765013ccb7f02e144ec3c4e6f3512fe805fb5  /home/omarchy/work/review/build-output/edge/x86_64/omaspeak-bin-0.0.1.rc-1-x86_64.pkg.tar.zst
omaspeak-bin: 176 total files, 0 altered files
# Generated by makepkg 7.1.0
# using fakeroot version 1.37.2
pkgname = omaspeak-bin
pkgbase = omaspeak-bin
xdata = pkgtype=pkg
pkgver = 0.0.1.rc-1
pkgdesc = Local-first text-to-speech application and daemon (pre-built binary)
url = https://github.com/jacob-vincent-mink/omaspeak
builddate = 1789449066
packager = Unknown Packager
size = 36665307
arch = x86_64
license = MIT
conflict = omaspeak
provides = omaspeak=0.0.1.rc
depend = alsa-utils
depend = bzip2
depend = gcc-libs
depend = glibc
optdepend = pipewire-audio: audio playback through pw-play
optdepend = openvino: Intel CPU acceleration runtime
optdepend = openvino-intel-gpu-plugin: Intel GPU device support for OpenVINO
optdepend = openvino-intel-npu-plugin: Intel NPU device support for OpenVINO
optdepend = cuda: NVIDIA CUDA libraries for an external CUDA runtime bundle
optdepend = cudnn: NVIDIA neural-network libraries for an external CUDA runtime bundle
