checking dependencies...

Package (1)   Old Version  Net Change

omaspeak-bin  0.0.1.rc-1   -34.97 MiB

Total Removed Size:  34.97 MiB

:: Do you want to remove these packages? [Y/n] 
:: Running pre-transaction hooks...
(1/1) Waiting for limine-snapper-sync to finish...
:: Processing package changes...
removing omaspeak-bin...
:: Running post-transaction hooks...
(1/2) Reloading user manager configuration...
(2/2) Arming ConditionNeedsUpdate...
binary_removed
/home/omarchy/.config/omaspeak/config.toml: OK
/home/omarchy/.local/share/omaspeak/models/supertonic-3-int8/.omaspeak-model.json: OK
loading packages...
resolving dependencies...
looking for conflicting packages...

Package (1)   New Version  Net Change

omaspeak-bin  0.0.1.rc-1    34.97 MiB

Total Installed Size:  34.97 MiB

:: Proceed with installation? [Y/n] 
checking keyring...
checking package integrity...
loading package files...
checking for file conflicts...
checking available disk space...
:: Running pre-transaction hooks...
(1/1) Waiting for limine-snapper-sync to finish...
:: Processing package changes...
installing omaspeak-bin...
:: Run omaspeak setup to configure a model and runtime.
:: The optional user service remains disabled; on-demand speech works without it.
:: Accelerator instructions: /usr/share/doc/omaspeak-bin/ACCELERATOR_SETUP.md
Optional dependencies for omaspeak-bin
    pipewire-audio: audio playback through pw-play [installed]
    openvino: Intel CPU acceleration runtime
    openvino-intel-gpu-plugin: Intel GPU device support for OpenVINO
    openvino-intel-npu-plugin: Intel NPU device support for OpenVINO
    cuda: NVIDIA CUDA libraries for an external CUDA runtime bundle
    cudnn: NVIDIA neural-network libraries for an external CUDA runtime bundle
:: Running post-transaction hooks...
(1/2) Reloading user manager configuration...
(2/2) Arming ConditionNeedsUpdate...
/home/omarchy/.config/omaspeak/config.toml: OK
/home/omarchy/.local/share/omaspeak/models/supertonic-3-int8/.omaspeak-model.json: OK
omaspeak-bin: 176 total files, 0 altered files
{
  "type": "synthesis",
  "output": "/home/omarchy/pr447-omaspeak/reinstalled.wav",
  "sample_rate": 44100,
  "samples": 145862,
  "audio_seconds": 3.307528344671202,
  "load_milliseconds": 428,
  "synthesis_milliseconds": 612
}
disabled
inactive
Linux omabot-worker 7.1.9-arch1-2 #1 SMP PREEMPT_DYNAMIC Fri, 21 Aug 2026 22:18:59 +0000 x86_64 GNU/Linux
Sep 15 05:12:21 omabot-worker systemd[628]: Started Omaspeak local text-to-speech daemon.
Sep 15 05:12:21 omabot-worker omaspeak[68347]: omaspeak: ready model=supertonic-3-int8 sample_rate=44100 load_ms=570 socket=/run/user/1000/omaspeak/control.sock
Sep 15 05:12:23 omabot-worker systemd[628]: Stopping Omaspeak local text-to-speech daemon...
Sep 15 05:12:23 omabot-worker systemd[628]: Stopped Omaspeak local text-to-speech daemon.
Sep 15 05:12:23 omabot-worker systemd[628]: omaspeak.service: Consumed 4.117s CPU time over 2.696s wall clock time, 267.5M memory peak.
Sep 15 05:12:23 omabot-worker systemd[628]: Started Omaspeak local text-to-speech daemon.
Sep 15 05:12:24 omabot-worker omaspeak[68455]: omaspeak: ready model=supertonic-3-int8 sample_rate=44100 load_ms=450 socket=/run/user/1000/omaspeak/control.sock
Sep 15 05:12:25 omabot-worker systemd[628]: Stopping Omaspeak local text-to-speech daemon...
Sep 15 05:12:25 omabot-worker systemd[628]: Stopped Omaspeak local text-to-speech daemon.
Sep 15 05:12:25 omabot-worker systemd[628]: omaspeak.service: Consumed 2.007s CPU time over 2.072s wall clock time, 213.7M memory peak.
Sep 15 05:13:32 omabot-worker systemd[628]: Started Omaspeak local text-to-speech daemon.
Sep 15 05:13:32 omabot-worker omaspeak[68694]: omaspeak: ready model=supertonic-3-int8 sample_rate=44100 load_ms=405 socket=/run/user/1000/omaspeak/control.sock
Sep 15 05:13:34 omabot-worker systemd[628]: Stopping Omaspeak local text-to-speech daemon...
Sep 15 05:13:34 omabot-worker systemd[628]: Stopped Omaspeak local text-to-speech daemon.
Sep 15 05:13:34 omabot-worker systemd[628]: omaspeak.service: Consumed 1.952s CPU time over 2.225s wall clock time, 176.8M memory peak.
Sep 15 05:13:34 omabot-worker systemd[628]: Started Omaspeak local text-to-speech daemon.
Sep 15 05:13:35 omabot-worker omaspeak[68758]: omaspeak: ready model=supertonic-3-int8 sample_rate=44100 load_ms=461 socket=/run/user/1000/omaspeak/control.sock
Sep 15 05:13:36 omabot-worker systemd[628]: Stopping Omaspeak local text-to-speech daemon...
Sep 15 05:13:36 omabot-worker systemd[628]: Stopped Omaspeak local text-to-speech daemon.
Sep 15 05:13:36 omabot-worker systemd[628]: omaspeak.service: Consumed 2.026s CPU time over 2.166s wall clock time, 221.7M memory peak.
