[1m================================[0m
[1mOmarchy Package Builder[0m
[1m================================[0m
[0;34m==>[0m Target architecture: x86_64
[0;34m==>[0m Mirror: edge
[0;34m==>[0m Build workspace: /home/omarchy/work/review/build-output/edge/x86_64
[0;34m==>[0m Final output: /home/omarchy/work/review/pkgs.omarchy.org/edge/x86_64
[0;34m==>[0m Cleaning build workspace...
[0;34m==>[0m Building packages: omawake-bin
[0;34m==>[0m Building container image for x86_64 (linux/amd64) using edge mirror...
#0 building with "default" instance using docker driver

#1 [internal] load build definition from Dockerfile
#1 transferring dockerfile: 7.33kB done
#1 DONE 0.0s

#2 [internal] load metadata for docker.io/library/alpine:3.21
#2 DONE 0.2s

#3 [internal] load .dockerignore
#3 transferring context: 2B done
#3 DONE 0.0s

#4 [bootstrapper 1/7] FROM docker.io/library/alpine:3.21@sha256:48b0309ca019d89d40f670aa1bc06e426dc0931948452e8491e3d65087abc07d
#4 resolve docker.io/library/alpine:3.21@sha256:48b0309ca019d89d40f670aa1bc06e426dc0931948452e8491e3d65087abc07d 0.0s done
#4 DONE 0.0s

#5 [internal] load build context
#5 transferring context: 37B done
#5 DONE 0.0s

#6 [bootstrapper 2/7] COPY pacstrap-docker /usr/local/bin/
#6 CACHED

#7 [bootstrapper 3/7] RUN apk add --no-cache     pacman-makepkg     curl     bash     zstd     gnupg
#7 CACHED

#8 [bootstrapper 4/7] RUN mkdir -p /etc/pacman.d &&     case "amd64" in     amd64)         echo "x86_64" > /tmp/arch &&         REPOS="[core]\nInclude = /etc/pacman.d/mirrorlist\n\n[extra]\nInclude = /etc/pacman.d/mirrorlist\n" ;;     arm64)         echo "aarch64" > /tmp/arch &&         REPOS="[core]\nInclude = /etc/pacman.d/mirrorlist\n\n[extra]\nInclude = /etc/pacman.d/mirrorlist\n\n[alarm]\nInclude = /etc/pacman.d/mirrorlist\n\n[aur]\nInclude = /etc/pacman.d/mirrorlist\n" ;;     *)         echo "Unsupported architecture: amd64" && exit 1 ;;     esac &&     printf '[options]\nHoldPkg = pacman glibc\nArchitecture = auto\nSigLevel = Required DatabaseOptional\nLocalFileSigLevel = Optional\n\n%b' "$REPOS" > /etc/pacman.conf
#8 CACHED

#9 [bootstrapper 5/7] RUN if [ "amd64" = "amd64" ]; then         if [ "edge" = "stable" ]; then             printf 'Server = https://stable-mirror.omarchy.org/$repo/os/$arch\n' > /etc/pacman.d/mirrorlist;         elif [ "edge" = "rc" ]; then             printf 'Server = https://rc-mirror.omarchy.org/$repo/os/$arch\n' > /etc/pacman.d/mirrorlist;         else             printf 'Server = https://mirror.omarchy.org/$repo/os/$arch\n' > /etc/pacman.d/mirrorlist;         fi;     else         printf 'Server = https://fl.us.mirror.archlinuxarm.org/aarch64/$repo\n' > /etc/pacman.d/mirrorlist;     fi
#9 DONE 0.1s

#10 [bootstrapper 6/7] RUN mkdir -p /usr/share/pacman/keyrings &&     if [ "amd64" = "arm64" ]; then         KEYRING_URL="https://raw.githubusercontent.com/archlinuxarm/PKGBUILDs/master/core/archlinuxarm-keyring/" &&         for file in archlinuxarm-revoked archlinuxarm-trusted archlinuxarm.gpg; do             curl -fsSL "${KEYRING_URL}${file}" -o /usr/share/pacman/keyrings/${file} || exit 1;         done &&         BOOTSTRAP_EXTRA="archlinuxarm-keyring";     else         mkdir /tmp/archlinux-keyring &&         curl -fsSL https://archlinux.org/packages/core/any/archlinux-keyring/download |             unzstd | tar -C /tmp/archlinux-keyring -xv &&         mv /tmp/archlinux-keyring/usr/share/pacman/keyrings/* /usr/share/pacman/keyrings/ &&         BOOTSTRAP_EXTRA="";     fi &&     pacman-key --init &&     pacman-key --populate
#10 1.691 .BUILDINFO
#10 2.045 .INSTALL
#10 2.045 .MTREE
#10 2.045 .PKGINFO
#10 2.045 usr/
#10 2.045 usr/bin/
#10 2.045 usr/bin/archlinux-keyring-wkd-sync
#10 2.045 usr/lib/
#10 2.045 usr/lib/systemd/
#10 2.045 usr/lib/systemd/system/
#10 2.045 usr/lib/systemd/system/archlinux-keyring-wkd-sync.service
#10 2.045 usr/lib/systemd/system/archlinux-keyring-wkd-sync.timer
#10 2.045 usr/lib/systemd/system/timers.target.wants/
#10 2.045 usr/lib/systemd/system/timers.target.wants/archlinux-keyring-wkd-sync.timer
#10 2.045 usr/share/
#10 2.045 usr/share/pacman/
#10 2.045 usr/share/pacman/keyrings/
#10 2.045 usr/share/pacman/keyrings/archlinux-revoked
#10 2.045 usr/share/pacman/keyrings/archlinux-trusted
#10 2.045 usr/share/pacman/keyrings/archlinux.gpg
#10 2.076 gpg: /etc/pacman.d/gnupg/trustdb.gpg: trustdb created
#10 2.076 gpg: no ultimately trusted keys found
#10 2.085 gpg: starting migration from earlier GnuPG versions
#10 2.089 gpg: porting secret keys from '/etc/pacman.d/gnupg/secring.gpg' to gpg-agent
#10 2.089 gpg: migration succeeded
#10 2.090 ==> Generating pacman master key. This may take some time.
#10 2.091 gpg: Generating pacman keyring master key...
#10 2.329 gpg: directory '/etc/pacman.d/gnupg/openpgp-revocs.d' created
#10 2.343 gpg: revocation certificate stored as '/etc/pacman.d/gnupg/openpgp-revocs.d/DF1BFC9FB482B212CAEABFA35818A53974094827.rev'
#10 2.343 gpg: Done
#10 2.344 ==> Updating trust database...
#10 2.345 gpg: marginals needed: 3  completes needed: 1  trust model: pgp
#10 2.345 gpg: depth: 0  valid:   1  signed:   0  trust: 0-, 0q, 0n, 0m, 0f, 1u
#10 2.352 ==> Appending keys from archlinux.gpg...
#10 5.365 ==> Locally signing trusted keys in keyring...
#10 6.148   -> Locally signed 5 keys.
#10 6.148 ==> Importing owner trust values...
#10 6.149 gpg: setting ownertrust to 4
#10 6.149 gpg: setting ownertrust to 4
#10 6.149 gpg: setting ownertrust to 4
#10 6.149 gpg: inserting ownertrust of 4
#10 6.149 gpg: setting ownertrust to 4
#10 6.149 ==> Disabling revoked keys in keyring...
#10 6.288   -> Disabled 38 keys.
#10 6.288 ==> Updating trust database...
#10 6.295 gpg: Note: third-party key signatures using the SHA1 algorithm are rejected
#10 6.295 gpg: (use option "--allow-weak-key-signatures" to override)
#10 6.401 gpg: marginals needed: 3  completes needed: 1  trust model: pgp
#10 6.430 gpg: depth: 0  valid:   1  signed:   5  trust: 0-, 0q, 0n, 0m, 0f, 1u
#10 6.456 gpg: depth: 1  valid:   5  signed:  89  trust: 0-, 0q, 0n, 5m, 0f, 0u
#10 6.472 gpg: depth: 2  valid:  78  signed:  18  trust: 78-, 0q, 0n, 0m, 0f, 0u
#10 6.472 gpg: next trustdb check due at 2026-10-26
#10 DONE 6.5s

#11 [bootstrapper 7/7] RUN mkdir /rootfs &&     if [ "amd64" = "arm64" ]; then         BOOTSTRAP_EXTRA="archlinuxarm-keyring";     else         BOOTSTRAP_EXTRA="";     fi &&     pacstrap-docker /rootfs base ${BOOTSTRAP_EXTRA} &&     cp /etc/pacman.conf /rootfs/etc/pacman.conf &&     cp /etc/pacman.d/mirrorlist /rootfs/etc/pacman.d/mirrorlist &&     echo "en_US.UTF-8 UTF-8" > /rootfs/etc/locale.gen &&     echo "LANG=en_US.UTF-8" > /rootfs/etc/locale.conf &&     rm -rf /rootfs/var/lib/pacman/sync/*            /rootfs/var/cache/pacman/pkg/*            /rootfs/tmp/*
#11 0.139 ==> Creating install root at /rootfs
#11 0.140 ==> Installing packages to /rootfs
#11 0.146 :: Synchronizing package databases...
#11 1.076  core downloading...
#11 1.076  extra downloading...
#11 1.079 resolving dependencies...
#11 1.246 :: There are 2 providers available for libxtables.so=12-64:
#11 1.246 :: Repository core
#11 1.246    1) iptables  2) iptables-legacy
#11 1.246 
#11 1.246 Enter a number (default=1): 
#11 1.246 looking for conflicting packages...
#11 1.247 
#11 1.247 Packages (137) acl-2.4.0-1  archlinux-keyring-20260909-1  attr-2.6.0-1  audit-4.2.1-1  bash-5.3.15-1  binutils-2.47-4  brotli-1.2.0-1  bzip2-1.0.8-6  ca-certificates-20240618-1  ca-certificates-mozilla-3.129-1  ca-certificates-utils-20240618-1  coreutils-9.11-2  cryptsetup-2.8.8-1  curl-8.22.0-1  dbus-1.16.2-1  dbus-broker-37-3  dbus-broker-units-37-3  dbus-units-37-3  device-mapper-2.03.42-1  e2fsprogs-1.47.4-1  expat-2.8.4-1  file-5.48-1  filesystem-2025.10.12-1  findutils-4.11.0-1  gawk-5.4.1-1  gcc-libs-16.2.1+r23+gd564253eb6c8-1  gdbm-1.26-2  gettext-1.0-2  glib2-2.88.3-1  glibc-2.44+r24+g16be1518495f-1  gmp-6.3.0-3  gnulib-l10n-20241231-1  gnupg-2.4.9-3  gnutls-3.8.13-3  gpgme-2.2.0-1  grep-3.12-2  gzip-1.14-2  hwdata-0.411-1  iana-etc-20260617-1  icu-78.3-1  iproute2-7.2.0-1  iptables-1:1.8.13-1  iputils-20250605-1  jansson-2.15.1-1  json-c-0.19-1  kbd-2.10.0-1  keyutils-1.6.3-4  kmod-34.2-1  krb5-1.22.2-1  leancrypto-1.9.0-1  libarchive-3.8.9-1  libasan-16.2.1+r23+gd564253eb6c8-1  libassuan-3.0.0-1  libatomic-16.2.1+r23+gd564253eb6c8-1  libbpf-1.7.0-1  libcap-2.78-1  libcap-ng-0.9.6-1  libelf-0.196-1  libevent-2.1.13-2  libffi-3.8.0-1  libgcc-16.2.1+r23+gd564253eb6c8-1  libgcrypt-1.12.4-1  libgfortran-16.2.1+r23+gd564253eb6c8-1  libgomp-16.2.1+r23+gd564253eb6c8-1  libgpg-error-1.61-1  libhwasan-16.2.1+r23+gd564253eb6c8-1  libidn2-2.3.8-1  libksba-1.8.1-1  libldap-2.7.1-1  liblsan-16.2.1+r23+gd564253eb6c8-1  libmakepkg-dropins-20-2  libmnl-1.0.5-2  libnetfilter_conntrack-1.1.1-1  libnfnetlink-1.0.2-2  libnftnl-1.3.2-1  libnghttp2-1.70.0-1  libnghttp3-1.18.0-1  libngtcp2-1.25.0-1  libnl-3.12.0-1  libnsl-2.0.1-2  libobjc-16.2.1+r23+gd564253eb6c8-1  libp11-kit-0.26.5-1  libpcap-1.10.7-1  libpsl-0.21.5-2  libquadmath-16.2.1+r23+gd564253eb6c8-1  libsasl-2.1.28-5  libseccomp-2.6.0-1  libsecret-0.21.7-1  libssh2-1.11.1-7  libstdc++-16.2.1+r23+gd564253eb6c8-1  libsysprof-capture-50.0-6  libtasn1-4.21.0-1  libtirpc-1.3.8-1  libtsan-16.2.1+r23+gd564253eb6c8-1  libubsan-16.2.1+r23+gd564253eb6c8-1  libunistring-1.4.2-1  libusb-1.0.30-1  libverto-0.3.2-6  libxcrypt-4.5.2-1  libxml2-2.15.4-1  licenses-20240728-1  linux-api-headers-7.2-1  lmdb-0.9.35-1  lz4-1:1.10.0-2  mpfr-4.2.2-1  ncurses-6.6-2  nettle-4.0-1  nftables-1:1.1.7-3  npth-1.8-1  openssl-3.6.4-1  p11-kit-0.26.5-1  pacman-7.1.0.r9.g54d9411-2  pacman-mirrorlist-20260610-1  pam-1.7.2-2  pambase-20260616-1  pciutils-3.15.0-1  pcre2-10.48-1  pinentry-1.3.3-1  popt-1.19-2  procps-ng-4.0.7-1  psmisc-23.7-2  readline-8.3.003-1  sed-4.10-2  shadow-4.20.0.arch1-1  sqlite-3.53.4-1  systemd-261.3-1  systemd-libs-261.3-1  systemd-sysvcompat-261.3-1  tar-1.35-5  tpm2-tss-4.2.0-2  tzdata-2026d-1  util-linux-2.42.3-1  util-linux-libs-2.42.3-1  xz-5.8.4-1  zlib-1:1.3.2-3  zstd-1.5.7-3  base-3-3
#11 1.247 
#11 1.247 Total Download Size:   121.42 MiB
#11 1.247 Total Installed Size:  511.46 MiB
#11 1.247 
#11 1.247 :: Proceed with installation? [Y/n] 
#11 1.247 :: Retrieving packages...
#11 11.10  icu-78.3-1-x86_64 downloading...
#11 11.10  systemd-261.3-1-x86_64 downloading...
#11 11.10  glibc-2.44+r24+g16be1518495f-1-x86_64 downloading...
#11 11.10  binutils-2.47-4-x86_64 downloading...
#11 11.10  util-linux-2.42.3-1-x86_64 downloading...
#11 11.10  openssl-3.6.4-1-x86_64 downloading...
#11 11.10  glib2-2.88.3-1-x86_64 downloading...
#11 11.10  gettext-1.0-2-x86_64 downloading...
#11 11.10  coreutils-9.11-2-x86_64 downloading...
#11 11.10  gnupg-2.4.9-3-x86_64 downloading...
#11 11.10  sqlite-3.53.4-1-x86_64 downloading...
#11 11.10  bash-5.3.15-1-x86_64 downloading...
#11 11.10  gnutls-3.8.13-3-x86_64 downloading...
#11 11.10  hwdata-0.411-1-any downloading...
#11 11.10  pcre2-10.48-1-x86_64 downloading...
#11 11.10  linux-api-headers-7.2-1-x86_64 downloading...
#11 11.10  gawk-5.4.1-1-x86_64 downloading...
#11 11.10  leancrypto-1.9.0-1-x86_64 downloading...
#11 11.10  systemd-libs-261.3-1-x86_64 downloading...
#11 11.10  krb5-1.22.2-1-x86_64 downloading...
#11 11.10  curl-8.22.0-1-x86_64 downloading...
#11 11.10  kbd-2.10.0-1-x86_64 downloading...
#11 11.10  e2fsprogs-1.47.4-1-x86_64 downloading...
#11 11.10  archlinux-keyring-20260909-1-any downloading...
#11 11.10  iproute2-7.2.0-1-x86_64 downloading...
#11 11.10  shadow-4.20.0.arch1-1-x86_64 downloading...
#11 13.46  ncurses-6.6-2-x86_64 downloading...
#11 13.46  tpm2-tss-4.2.0-2-x86_64 downloading...
#11 13.46  procps-ng-4.0.7-1-x86_64 downloading...
#11 13.46  pacman-7.1.0.r9.g54d9411-2-x86_64 downloading...
#11 13.46  libgfortran-16.2.1+r23+gd564253eb6c8-1-x86_64 downloading...
#11 13.46  cryptsetup-2.8.8-1-x86_64 downloading...
#11 13.46  libstdc++-16.2.1+r23+gd564253eb6c8-1-x86_64 downloading...
#11 13.46  xz-5.8.4-1-x86_64 downloading...
#11 13.46  libcap-2.78-1-x86_64 downloading...
#11 13.46  libxml2-2.15.4-1-x86_64 downloading...
#11 13.46  tar-1.35-5-x86_64 downloading...
#11 13.46  libgcrypt-1.12.4-1-x86_64 downloading...
#11 13.46  libunistring-1.4.2-1-x86_64 downloading...
#11 13.46  libelf-0.196-1-x86_64 downloading...
#11 13.46  pam-1.7.2-2-x86_64 downloading...
#11 13.46  libarchive-3.8.9-1-x86_64 downloading...
#11 13.46  util-linux-libs-2.42.3-1-x86_64 downloading...
#11 13.46  findutils-4.11.0-1-x86_64 downloading...
#11 13.46  libasan-16.2.1+r23+gd564253eb6c8-1-x86_64 downloading...
#11 13.46  libp11-kit-0.26.5-1-x86_64 downloading...
#11 13.46  zstd-1.5.7-3-x86_64 downloading...
#11 13.46  libtsan-16.2.1+r23+gd564253eb6c8-1-x86_64 downloading...
#11 13.46  nettle-4.0-1-x86_64 downloading...
#11 13.46  nftables-1:1.1.7-3-x86_64 downloading...
#11 17.51  file-5.48-1-x86_64 downloading...
#11 17.51  gmp-6.3.0-3-x86_64 downloading...
#11 17.51  mpfr-4.2.2-1-x86_64 downloading...
#11 17.51  libnl-3.12.0-1-x86_64 downloading...
#11 17.51  iptables-1:1.8.13-1-x86_64 downloading...
#11 17.51  readline-8.3.003-1-x86_64 downloading...
#11 17.51  audit-4.2.1-1-x86_64 downloading...
#11 17.51  iana-etc-20260617-1-any downloading...
#11 17.51  brotli-1.2.0-1-x86_64 downloading...
#11 17.51  ca-certificates-mozilla-3.129-1-x86_64 downloading...
#11 17.51  dbus-1.16.2-1-x86_64 downloading...
#11 17.51  gpgme-2.2.0-1-x86_64 downloading...
#11 17.51  device-mapper-2.03.42-1-x86_64 downloading...
#11 17.51  tzdata-2026d-1-x86_64 downloading...
#11 17.51  libpcap-1.10.7-1-x86_64 downloading...
#11 17.51  libevent-2.1.13-2-x86_64 downloading...
#11 17.51  libldap-2.7.1-1-x86_64 downloading...
#11 17.51  libgpg-error-1.61-1-x86_64 downloading...
#11 17.51  libhwasan-16.2.1+r23+gd564253eb6c8-1-x86_64 downloading...
#11 17.51  libbpf-1.7.0-1-x86_64 downloading...
#11 17.51  libssh2-1.11.1-7-x86_64 downloading...
#11 17.51  psmisc-23.7-2-x86_64 downloading...
#11 17.51  p11-kit-0.26.5-1-x86_64 downloading...
#11 17.51  gdbm-1.26-2-x86_64 downloading...
#11 17.51  grep-3.12-2-x86_64 downloading...
#11 17.51  libgomp-16.2.1+r23+gd564253eb6c8-1-x86_64 downloading...
#11 20.80  liblsan-16.2.1+r23+gd564253eb6c8-1-x86_64 downloading...
#11 20.80  libngtcp2-1.25.0-1-x86_64 downloading...
#11 20.80  sed-4.10-2-x86_64 downloading...
#11 20.80  libubsan-16.2.1+r23+gd564253eb6c8-1-x86_64 downloading...
#11 20.80  libsecret-0.21.7-1-x86_64 downloading...
#11 20.80  libtirpc-1.3.8-1-x86_64 downloading...
#11 20.80  pinentry-1.3.3-1-x86_64 downloading...
#11 20.80  libquadmath-16.2.1+r23+gd564253eb6c8-1-x86_64 downloading...
#11 20.80  lz4-1:1.10.0-2-x86_64 downloading...
#11 20.80  libksba-1.8.1-1-x86_64 downloading...
#11 20.80  pciutils-3.15.0-1-x86_64 downloading...
#11 20.80  acl-2.4.0-1-x86_64 downloading...
#11 20.80  dbus-broker-37-3-x86_64 downloading...
#11 20.80  libsasl-2.1.28-5-x86_64 downloading...
#11 20.80  iputils-20250605-1-x86_64 downloading...
#11 20.80  libtasn1-4.21.0-1-x86_64 downloading...
#11 20.80  libidn2-2.3.8-1-x86_64 downloading...
#11 20.80  expat-2.8.4-1-x86_64 downloading...
#11 20.80  kmod-34.2-1-x86_64 downloading...
#11 20.80  gnulib-l10n-20241231-1-any downloading...
#11 20.80  lmdb-0.9.35-1-x86_64 downloading...
#11 20.80  libassuan-3.0.0-1-x86_64 downloading...
#11 20.80  licenses-20240728-1-any downloading...
#11 20.80  keyutils-1.6.3-4-x86_64 downloading...
#11 20.80  libnghttp2-1.70.0-1-x86_64 downloading...
#11 22.48  libseccomp-2.6.0-1-x86_64 downloading...
#11 22.48  jansson-2.15.1-1-x86_64 downloading...
#11 22.48  libxcrypt-4.5.2-1-x86_64 downloading...
#11 22.48  libpsl-0.21.5-2-x86_64 downloading...
#11 22.48  gzip-1.14-2-x86_64 downloading...
#11 22.48  libnghttp3-1.18.0-1-x86_64 downloading...
#11 22.48  zlib-1:1.3.2-3-x86_64 downloading...
#11 22.48  libusb-1.0.30-1-x86_64 downloading...
#11 22.48  libgcc-16.2.1+r23+gd564253eb6c8-1-x86_64 downloading...
#11 22.48  libnftnl-1.3.2-1-x86_64 downloading...
#11 22.48  popt-1.19-2-x86_64 downloading...
#11 22.48  attr-2.6.0-1-x86_64 downloading...
#11 22.48  libcap-ng-0.9.6-1-x86_64 downloading...
#11 22.48  json-c-0.19-1-x86_64 downloading...
#11 22.48  bzip2-1.0.8-6-x86_64 downloading...
#11 22.48  libffi-3.8.0-1-x86_64 downloading...
#11 22.48  libsysprof-capture-50.0-6-x86_64 downloading...
#11 22.48  libnetfilter_conntrack-1.1.1-1-x86_64 downloading...
#11 22.48  libobjc-16.2.1+r23+gd564253eb6c8-1-x86_64 downloading...
#11 22.48  npth-1.8-1-x86_64 downloading...
#11 22.48  libnsl-2.0.1-2-x86_64 downloading...
#11 22.48  libverto-0.3.2-6-x86_64 downloading...
#11 22.48  libnfnetlink-1.0.2-2-x86_64 downloading...
#11 22.48  filesystem-2025.10.12-1-any downloading...
#11 22.48  libatomic-16.2.1+r23+gd564253eb6c8-1-x86_64 downloading...
#11 22.97  libmnl-1.0.5-2-x86_64 downloading...
#11 22.97  ca-certificates-utils-20240618-1-any downloading...
#11 22.97  systemd-sysvcompat-261.3-1-x86_64 downloading...
#11 22.97  pacman-mirrorlist-20260610-1-any downloading...
#11 22.97  libmakepkg-dropins-20-2-any downloading...
#11 22.97  pambase-20260616-1-any downloading...
#11 22.97  gcc-libs-16.2.1+r23+gd564253eb6c8-1-x86_64 downloading...
#11 22.97  dbus-broker-units-37-3-x86_64 downloading...
#11 22.97  base-3-3-any downloading...
#11 22.97  dbus-units-37-3-x86_64 downloading...
#11 22.97  ca-certificates-20240618-1-any downloading...
#11 22.97 checking keyring...
#11 23.04 checking package integrity...
#11 24.43 loading package files...
#11 24.55 checking for file conflicts...
#11 24.58 :: Processing package changes...
#11 24.58 installing iana-etc...
#11 24.59 installing filesystem...
#11 24.59 installing linux-api-headers...
#11 24.64 installing tzdata...
#11 24.70 Optional dependencies for tzdata
#11 24.70     bash: for tzselect [pending]
#11 24.70     glibc: for zdump, zic [pending]
#11 24.70 installing glibc...
#11 24.81 Optional dependencies for glibc
#11 24.81     gd: for memusagestat
#11 24.81     perl: for mtrace
#11 24.81 installing libgcc...
#11 24.81 installing libstdc++...
#11 24.82 installing libasan...
#11 24.82 installing libatomic...
#11 24.82 installing libgfortran...
#11 24.83 installing libgomp...
#11 24.83 installing libhwasan...
#11 24.83 installing liblsan...
#11 24.83 installing libobjc...
#11 24.83 installing libquadmath...
#11 24.83 installing libtsan...
#11 24.84 installing libubsan...
#11 24.84 installing gcc-libs...
#11 24.84 installing ncurses...
#11 24.95 Optional dependencies for ncurses
#11 24.95     bash: for ncursesw6-config [pending]
#11 24.95 installing readline...
#11 24.95 installing bash...
#11 24.97 Optional dependencies for bash
#11 24.97     bash-completion: for tab completion
#11 24.97 installing acl...
#11 24.97 installing attr...
#11 24.98 installing gmp...
#11 24.98 installing zlib...
#11 24.98 installing sqlite...
#11 25.00 installing util-linux-libs...
#11 25.00 Optional dependencies for util-linux-libs
#11 25.00     python: python bindings to libmount
#11 25.00 installing e2fsprogs...
#11 25.02 Optional dependencies for e2fsprogs
#11 25.02     lvm2: for e2scrub
#11 25.02     util-linux: for e2scrub [pending]
#11 25.02     smtp-forwarder: for e2scrub_fail script
#11 25.02 installing keyutils...
#11 25.02 installing gdbm...
#11 25.02 installing brotli...
#11 25.02 installing xz...
#11 25.04 installing lz4...
#11 25.04 installing zstd...
#11 25.05 installing openssl...
#11 25.26 Optional dependencies for openssl
#11 25.26     ca-certificates [pending]
#11 25.26     perl
#11 25.26 installing libsasl...
#11 25.26 installing libldap...
#11 25.27 installing libevent...
#11 25.27 Optional dependencies for libevent
#11 25.27     python: event_rpcgen.py
#11 25.27 installing libverto...
#11 25.27 installing lmdb...
#11 25.27 installing krb5...
#11 25.29 installing libcap-ng...
#11 25.29 installing audit...
#11 25.30 Optional dependencies for audit
#11 25.30     audispd-plugins: for audit event dispatcher plugins
#11 25.30     audispd-plugins-zos: for z/OS audit event dispatcher plugin
#11 25.30 installing libxcrypt...
#11 25.30 installing libtirpc...
#11 25.30 installing libnsl...
#11 25.30 installing pambase...
#11 25.30 installing libgpg-error...
#11 25.31 installing libgcrypt...
#11 25.31 installing systemd-libs...
#11 25.35 installing pam...
#11 25.37 installing libcap...
#11 25.38 installing coreutils...
#11 25.42 installing bzip2...
#11 25.42 installing libseccomp...
#11 25.42 installing file...
#11 25.43 installing findutils...
#11 25.44 installing mpfr...
#11 25.44 installing gawk...
#11 25.45 installing pcre2...
#11 25.47 Optional dependencies for pcre2
#11 25.47     sh: for pcre2-config [installed]
#11 25.47 installing grep...
#11 25.47 installing procps-ng...
#11 25.49 installing sed...
#11 25.49 installing tar...
#11 25.50 installing libtasn1...
#11 25.50 installing libffi...
#11 25.50 installing libp11-kit...
#11 25.51 installing p11-kit...
#11 25.57 installing ca-certificates-utils...
#11 25.57 installing ca-certificates-mozilla...
#11 25.57 installing ca-certificates...
#11 25.57 installing libunistring...
#11 25.58 installing libidn2...
#11 25.58 installing libnghttp2...
#11 25.58 installing libnghttp3...
#11 25.58 installing nettle...
#11 25.59 installing leancrypto...
#11 25.60 installing gnutls...
#11 25.66 Optional dependencies for gnutls
#11 25.66     tpm2-tss: support for TPM2 wrapped keys [pending]
#11 25.66 installing libngtcp2...
#11 25.66 installing libpsl...
#11 25.66 installing libssh2...
#11 25.67 installing curl...
#11 25.69 installing json-c...
#11 25.69 installing gnulib-l10n...
#11 25.69 installing icu...
#11 25.78 installing libxml2...
#11 25.79 Optional dependencies for libxml2
#11 25.79     python: Python bindings
#11 25.79 installing gettext...
#11 25.83 Optional dependencies for gettext
#11 25.83     git: for autopoint infrastructure updates
#11 25.83     appstream: for appstream support
#11 25.83 installing hwdata...
#11 25.85 installing kmod...
#11 25.85 installing pciutils...
#11 25.85 Optional dependencies for pciutils
#11 25.85     which: for update-pciids
#11 25.85     grep: for update-pciids [installed]
#11 25.85     curl: for update-pciids [installed]
#11 25.85 installing psmisc...
#11 25.86 installing shadow...
#11 25.88 installing util-linux...
#11 26.00 Optional dependencies for util-linux
#11 26.00     words: default dictionary for look
#11 26.00 installing gzip...
#11 26.00 Optional dependencies for gzip
#11 26.00     less: zless support
#11 26.00     util-linux: zmore support [installed]
#11 26.00     diffutils: zdiff/zcmp support
#11 26.00 installing licenses...
#11 26.01 installing libksba...
#11 26.01 installing libusb...
#11 26.01 installing libassuan...
#11 26.01 installing libsysprof-capture...
#11 26.01 installing glib2...
#11 26.09 Optional dependencies for glib2
#11 26.09     dconf: GSettings storage backend
#11 26.09     glib2-devel: development tools
#11 26.09     gvfs: most gio functionality
#11 26.09 installing tpm2-tss...
#11 26.11 installing libsecret...
#11 26.12 Optional dependencies for libsecret
#11 26.12     org.freedesktop.secrets: secret storage backend
#11 26.12 installing pinentry...
#11 26.12 Optional dependencies for pinentry
#11 26.12     gcr: GNOME backend
#11 26.12     gtk3: GTK backend
#11 26.12     kguiaddons: Qt6 backend
#11 26.12     kwindowsystem: Qt6 backend
#11 26.12 installing npth...
#11 26.12 installing gnupg...
#11 26.14 Optional dependencies for gnupg
#11 26.14     pcsclite: for using scdaemon not with the gnupg internal card driver
#11 26.14 installing gpgme...
#11 26.14 installing libarchive...
#11 26.15 installing pacman-mirrorlist...
#11 26.15 installing device-mapper...
#11 26.15 installing popt...
#11 26.15 installing cryptsetup...
#11 26.16 installing expat...
#11 26.16 installing dbus...
#11 26.17 installing dbus-broker...
#11 26.17 installing dbus-broker-units...
#11 26.17 installing dbus-units...
#11 26.17 installing kbd...
#11 26.20 installing libelf...
#11 26.21 installing systemd...
#11 26.43 Initializing machine ID from random generator.
#11 26.43 Creating group 'sys' with GID 3.
#11 26.43 Creating group 'mem' with GID 8.
#11 26.43 Creating group 'ftp' with GID 11.
#11 26.43 Creating group 'mail' with GID 12.
#11 26.43 Creating group 'log' with GID 19.
#11 26.43 Creating group 'smmsp' with GID 25.
#11 26.43 Creating group 'proc' with GID 26.
#11 26.43 Creating group 'games' with GID 50.
#11 26.43 Creating group 'lock' with GID 54.
#11 26.43 Creating group 'network' with GID 90.
#11 26.43 Creating group 'floppy' with GID 94.
#11 26.43 Creating group 'scanner' with GID 96.
#11 26.43 Creating group 'power' with GID 98.
#11 26.43 Creating group 'nobody' with GID 65534.
#11 26.43 Creating group 'adm' with GID 999.
#11 26.43 Creating group 'wheel' with GID 998.
#11 26.43 Creating group 'empower' with GID 997.
#11 26.43 Creating group 'utmp' with GID 996.
#11 26.43 Creating group 'audio' with GID 995.
#11 26.43 Creating group 'clock' with GID 994.
#11 26.43 Creating group 'disk' with GID 993.
#11 26.43 Creating group 'input' with GID 992.
#11 26.43 Creating group 'kmem' with GID 991.
#11 26.43 Creating group 'kvm' with GID 990.
#11 26.43 Creating group 'lp' with GID 989.
#11 26.43 Creating group 'optical' with GID 988.
#11 26.43 Creating group 'render' with GID 987.
#11 26.43 Creating group 'sgx' with GID 986.
#11 26.43 Creating group 'storage' with GID 985.
#11 26.43 Creating group 'tty' with GID 5.
#11 26.43 Creating group 'uucp' with GID 984.
#11 26.43 Creating group 'video' with GID 983.
#11 26.43 Creating group 'users' with GID 982.
#11 26.43 Creating group 'systemd-journal' with GID 981.
#11 26.43 Creating group 'rfkill' with GID 980.
#11 26.43 Creating group 'bin' with GID 1.
#11 26.43 Creating user 'bin' (n/a) with UID 1 and GID 1.
#11 26.43 Creating group 'daemon' with GID 2.
#11 26.43 Creating user 'daemon' (n/a) with UID 2 and GID 2.
#11 26.43 Creating user 'mail' (n/a) with UID 8 and GID 12.
#11 26.43 Creating user 'ftp' (n/a) with UID 14 and GID 11.
#11 26.43 Creating group 'http' with GID 33.
#11 26.43 Creating user 'http' (n/a) with UID 33 and GID 33.
#11 26.43 Creating user 'nobody' (Kernel Overflow User) with UID 65534 and GID 65534.
#11 26.43 Creating group 'dbus' with GID 81.
#11 26.43 Creating user 'dbus' (System Message Bus) with UID 81 and GID 81.
#11 26.43 Creating group 'systemd-coredump' with GID 979.
#11 26.43 Creating user 'systemd-coredump' (systemd Core Dumper) with UID 979 and GID 979.
#11 26.43 Creating group 'systemd-imds' with GID 978.
#11 26.43 Creating user 'systemd-imds' (systemd Instance Metadata) with UID 978 and GID 978.
#11 26.43 Creating group 'systemd-network' with GID 977.
#11 26.43 Creating user 'systemd-network' (systemd Network Management) with UID 977 and GID 977.
#11 26.43 Creating group 'systemd-oom' with GID 976.
#11 26.43 Creating user 'systemd-oom' (systemd Userspace OOM Killer) with UID 976 and GID 976.
#11 26.43 Creating group 'systemd-journal-remote' with GID 975.
#11 26.43 Creating user 'systemd-journal-remote' (systemd Journal Remote) with UID 975 and GID 975.
#11 26.43 Creating group 'systemd-resolve' with GID 974.
#11 26.43 Creating user 'systemd-resolve' (systemd Resolver) with UID 974 and GID 974.
#11 26.43 Creating group 'systemd-timesync' with GID 973.
#11 26.43 Creating user 'systemd-timesync' (systemd Time Synchronization) with UID 973 and GID 973.
#11 26.43 Creating group 'tss' with GID 972.
#11 26.43 Creating user 'tss' (tss user for tpm2) with UID 972 and GID 972.
#11 26.43 Creating group 'uuidd' with GID 971.
#11 26.43 Creating user 'uuidd' (UUID generator helper daemon) with UID 971 and GID 971.
#11 26.45 /proc/ is not mounted. This is not a supported mode of operation. Please fix
#11 26.45 your invocation environment to mount /proc/ and /sys/ properly. Proceeding anyway.
#11 26.45 Your mileage may vary.
#11 26.45 Created symlink '/etc/systemd/system/autovt@.service' → '/usr/lib/systemd/system/getty@.service'.
#11 26.45 Created symlink '/etc/systemd/system/getty.target.wants/getty@tty1.service' → '/usr/lib/systemd/system/getty@.service'.
#11 26.45 Created symlink '/etc/systemd/system/multi-user.target.wants/remote-fs.target' → '/usr/lib/systemd/system/remote-fs.target'.
#11 26.45 Created symlink '/etc/systemd/system/sockets.target.wants/systemd-userdbd.socket' → '/usr/lib/systemd/system/systemd-userdbd.socket'.
#11 26.45 Optional dependencies for systemd
#11 26.45     apparmor: additional security features
#11 26.45     curl: systemd-journal-upload, machinectl pull-tar and pull-raw [installed]
#11 26.45     gnutls: systemd-journal-gatewayd and systemd-journal-remote [installed]
#11 26.45     iptables: firewall features [pending]
#11 26.45     libarchive: convert DDIs to tarballs [installed]
#11 26.45     libbpf: support BPF programs [pending]
#11 26.45     libfido2: unlocking LUKS2 volumes with FIDO2 token
#11 26.45     libmicrohttpd: systemd-journal-gatewayd and systemd-journal-remote
#11 26.45     libp11-kit: support PKCS#11 [installed]
#11 26.45     libpwquality: check password quality
#11 26.45     polkit: allow administration as unprivileged user
#11 26.45     qemu-base: systemd-vmspawn
#11 26.45     qrencode: show QR codes
#11 26.45     quota-tools: kernel-level quota management
#11 26.45     systemd-sysvcompat: symlink package to provide sysvinit binaries [pending]
#11 26.45     systemd-ukify: combine kernel and initrd into a signed Unified Kernel Image
#11 26.45     tpm2-tss: unlocking LUKS2 volumes with TPM2 [installed]
#11 26.45 installing jansson...
#11 26.45 installing binutils...
#11 26.53 Optional dependencies for binutils
#11 26.53     debuginfod: for debuginfod server/client functionality
#11 26.53     perl: for gprofng-display-html
#11 26.53 installing libmakepkg-dropins...
#11 26.53 installing pacman...
#11 26.55 Optional dependencies for pacman
#11 26.55     base-devel: required to use makepkg
#11 26.55     perl-locale-gettext: translation support in makepkg-template
#11 26.55 installing archlinux-keyring...
#11 26.61 installing systemd-sysvcompat...
#11 26.61 installing iputils...
#11 26.62 installing libmnl...
#11 26.62 installing libnfnetlink...
#11 26.62 installing libnetfilter_conntrack...
#11 26.62 installing libnftnl...
#11 26.62 installing libnl...
#11 26.63 installing libpcap...
#11 26.64 installing nftables...
#11 26.64 Optional dependencies for nftables
#11 26.64     python: Python bindings
#11 26.64     python-jsonschema: Python bindings
#11 26.64 installing iptables...
#11 26.65 installing libbpf...
#11 26.65 installing iproute2...
#11 26.66 Optional dependencies for iproute2
#11 26.66     db: userspace arp daemon
#11 26.66     linux-atm: ATM support
#11 26.66     python: for routel
#11 26.66 installing base...
#11 26.66 Optional dependencies for base
#11 26.66     linux: bare metal support
#11 26.74 :: Running post-transaction hooks...
#11 26.74 ( 1/14) Generating the configured locale...
#11 26.78 Generating locales...
#11 26.78 Generation complete.
#11 26.78 ( 2/14) Configuring dynamic linker run-time bindings...
#11 26.84 ( 3/14) Creating iconv module configuration cache...
#11 26.89 ( 4/14) Creating system user accounts...
#11 26.93 Creating group 'alpm' with GID 970.
#11 26.93 Creating user 'alpm' (Arch Linux Package Management) with UID 970 and GID 970.
#11 26.96 ( 5/14) Creating temporary files...
#11 27.01 error: command failed to execute correctly
#11 27.01 /proc/ is not mounted, but required for successful operation of systemd-tmpfiles. Please mount /proc/. Alternatively, consider using the --root= or --image= switches.
#11 27.01 ( 6/14) Updating journal message catalog...
#11 27.06 error: command failed to execute correctly
#11 27.06 Failed to open file /usr/lib/systemd/catalog/dbus-broker-launch.catalog: No such file or directory
#11 27.06 Failed to import file '/usr/lib/systemd/catalog/dbus-broker-launch.catalog': No such file or directory
#11 27.06 Failed to update catalog: No such file or directory
#11 27.06 ( 7/14) Updating udev hardware database...
#11 27.13 ( 8/14) Applying kernel sysctl settings...
#11 27.17   Skipped: Running in chroot.
#11 27.17 ( 9/14) Reloading system manager configuration...
#11 27.22   Skipped: Running in chroot.
#11 27.22 (10/14) Reloading user manager configuration...
#11 27.26   Skipped: Running in chroot.
#11 27.26 (11/14) Reloading device manager configuration...
#11 27.31   Skipped: Running in chroot.
#11 27.31 (12/14) Arming ConditionNeedsUpdate...
#11 27.35 (13/14) Rebuilding certificate stores...
#11 27.69 (14/14) Reloading system bus configuration...
#11 27.73   Skipped: Running in chroot.
#11 27.78 ==> Installation complete
#11 DONE 27.9s

#12 [builder 1/9] COPY --from=bootstrapper /rootfs/ /
#12 DONE 2.1s

#13 [builder 2/9] RUN ln -sf /usr/lib/os-release /etc/os-release &&     locale-gen &&     pacman-key --init &&     if pacman -Q archlinuxarm-keyring >/dev/null 2>&1; then         pacman-key --populate archlinux archlinuxarm &&         pacman-key --lsign-key 77193F152BDBE6A6;     else         pacman-key --populate archlinux;     fi
#13 0.216 Generating locales...
#13 0.216   en_US.UTF-8... done
#13 1.087 Generation complete.
#13 1.097 gpg: /etc/pacman.d/gnupg/trustdb.gpg: trustdb created
#13 1.097 gpg: no ultimately trusted keys found
#13 1.108 gpg: starting migration from earlier GnuPG versions
#13 1.110 gpg: porting secret keys from '/etc/pacman.d/gnupg/secring.gpg' to gpg-agent
#13 1.110 gpg: migration succeeded
#13 1.111 ==> Generating pacman master key. This may take some time.
#13 1.112 gpg: Generating pacman keyring master key...
#13 2.585 gpg: directory '/etc/pacman.d/gnupg/openpgp-revocs.d' created
#13 2.600 gpg: revocation certificate stored as '/etc/pacman.d/gnupg/openpgp-revocs.d/2F38481D171FB1375597441E2FF749C1226E24F3.rev'
#13 2.600 gpg: Done
#13 2.601 ==> Updating trust database...
#13 2.603 gpg: marginals needed: 3  completes needed: 1  trust model: pgp
#13 2.603 gpg: depth: 0  valid:   1  signed:   0  trust: 0-, 0q, 0n, 0m, 0f, 1u
#13 2.620 ==> Appending keys from archlinux.gpg...
#13 4.785 ==> Locally signing trusted keys in keyring...
#13 5.133   -> Locally signed 5 keys.
#13 5.134 ==> Importing owner trust values...
#13 5.135 gpg: setting ownertrust to 4
#13 5.135 gpg: setting ownertrust to 4
#13 5.135 gpg: setting ownertrust to 4
#13 5.135 gpg: inserting ownertrust of 4
#13 5.135 gpg: setting ownertrust to 4
#13 5.136 ==> Disabling revoked keys in keyring...
#13 5.279   -> Disabled 38 keys.
#13 5.280 ==> Updating trust database...
#13 5.282 gpg: Note: third-party key signatures using the SHA1 algorithm are rejected
#13 5.282 gpg: (use option "--allow-weak-key-signatures" to override)
#13 5.297 gpg: marginals needed: 3  completes needed: 1  trust model: pgp
#13 5.319 gpg: depth: 0  valid:   1  signed:   5  trust: 0-, 0q, 0n, 0m, 0f, 1u
#13 5.338 gpg: depth: 1  valid:   5  signed:  89  trust: 0-, 0q, 0n, 5m, 0f, 0u
#13 5.350 gpg: depth: 2  valid:  78  signed:  18  trust: 78-, 0q, 0n, 0m, 0f, 0u
#13 5.350 gpg: next trustdb check due at 2026-10-26
#13 DONE 5.4s

#14 [builder 3/9] RUN pacman-key --recv-keys 40DFB630FF42BCFFB047046CF0134EE680CAC571 --keyserver keys.openpgp.org &&     pacman-key --lsign-key 40DFB630FF42BCFFB047046CF0134EE680CAC571 &&     printf '\n[omarchy]\nSigLevel = Optional\nServer = https://pkgs.omarchy.org/%s/x86_64\n' "edge" >> /etc/pacman.conf &&     pacman -Sy --noconfirm &&     pacman -S --noconfirm omarchy-keyring &&     pacman-key --populate omarchy &&     sed -i '/^\[omarchy\]/,/^$/d' /etc/pacman.conf
#14 1.243 gpg: key F0134EE680CAC571: public key "Omarchy <pkgs@omarchy.org>" imported
#14 1.247 gpg: Total number processed: 1
#14 1.247 gpg:               imported: 1
#14 1.296   -> Locally signed 1 key.
#14 1.296 ==> Updating trust database...
#14 1.299 gpg: Note: third-party key signatures using the SHA1 algorithm are rejected
#14 1.299 gpg: (use option "--allow-weak-key-signatures" to override)
#14 1.319 gpg: marginals needed: 3  completes needed: 1  trust model: pgp
#14 1.350 gpg: depth: 0  valid:   1  signed:   6  trust: 0-, 0q, 0n, 0m, 0f, 1u
#14 1.370 gpg: depth: 1  valid:   6  signed:  89  trust: 1-, 0q, 0n, 5m, 0f, 0u
#14 1.383 gpg: depth: 2  valid:  78  signed:  18  trust: 78-, 0q, 0n, 0m, 0f, 0u
#14 1.383 gpg: next trustdb check due at 2026-10-26
#14 1.392 :: Synchronizing package databases...
#14 2.308  core downloading...
#14 2.308  extra downloading...
#14 2.308  omarchy downloading...
#14 2.454 resolving dependencies...
#14 2.454 looking for conflicting packages...
#14 2.455 
#14 2.455 Packages (1) omarchy-keyring-20251027-1
#14 2.455 
#14 2.455 Total Download Size:   0.01 MiB
#14 2.455 Total Installed Size:  0.00 MiB
#14 2.455 
#14 2.455 :: Proceed with installation? [Y/n] 
#14 2.455 :: Retrieving packages...
#14 2.511  omarchy-keyring-20251027-1-any downloading...
#14 2.511 checking keyring...
#14 2.526 checking package integrity...
#14 2.534 loading package files...
#14 2.534 checking for file conflicts...
#14 2.534 :: Processing package changes...
#14 2.534 installing omarchy-keyring...
#14 2.625 ==> Appending keys from omarchy.gpg...
#14 2.641 ==> Updating trust database...
#14 2.643 gpg: next trustdb check due at 2026-10-26
#14 2.701 :: Running post-transaction hooks...
#14 2.701 (1/1) Arming ConditionNeedsUpdate...
#14 2.791 ==> Appending keys from omarchy.gpg...
#14 2.806 ==> Updating trust database...
#14 2.809 gpg: next trustdb check due at 2026-10-26
#14 DONE 2.9s

#15 [builder 4/9] RUN pacman -Syu --noconfirm &&     pacman -S --noconfirm         base-devel         git         sudo         wget         curl         jq         gnupg &&     pacman -Scc --noconfirm &&     rm -rf /var/cache/pacman/pkg/*
#15 0.204 :: Synchronizing package databases...
#15 0.279  core downloading...
#15 0.279  extra downloading...
#15 0.279 :: Starting full system upgrade...
#15 0.423  there is nothing to do
#15 0.569 warning: curl-8.22.0-1 is up to date -- reinstalling
#15 0.569 warning: gnupg-2.4.9-3 is up to date -- reinstalling
#15 0.570 resolving dependencies...
#15 0.572 looking for conflicting packages...
#15 0.573 
#15 0.573 Packages (43) autoconf-2.73-1  automake-1.18.1-1  bison-3.8.2-8  boost-libs-1.92.0-1  cpio-2.15-3  db5.3-5.3.28-7  debugedit-5.3-2  diffutils-3.12-2  elfutils-0.196-1  fakeroot-1:1.37.2-3  flex-2.6.4-6  gc-8.2.12-1  gcc-16.2.1+r23+gd564253eb6c8-1  gdb-17.2-1  gdb-common-17.2-1  groff-1.24.1-1  guile-3.0.11-1  libisl-0.28-1  libmpc-1.4.1-1  libtool-2.6.2-5  m4-1.4.21-2  make-4.4.1-3  mpdecimal-4.0.1-3  oniguruma-6.9.10-1  patch-2.8-1  perl-5.42.2-2  perl-error-0.17030-3  perl-mailtools-2.22-3  perl-timedate-2.35-1  pkgconf-3.0.7-1  python-3.14.7-1  source-highlight-3.1.9-19  texinfo-7.3-1  which-2.25-1  xxhash-0.8.3-1  zlib-ng-2.3.3-1  base-devel-1-2  curl-8.22.0-1  git-2.55.0-1  gnupg-2.4.9-3  jq-1.8.2-1  sudo-1.9.17.p2-6  wget-1.25.0-6
#15 0.573 
#15 0.573 Total Download Size:   142.28 MiB
#15 0.573 Total Installed Size:  621.45 MiB
#15 0.573 Net Upgrade Size:      608.79 MiB
#15 0.573 
#15 0.573 :: Proceed with installation? [Y/n] 
#15 0.573 :: Retrieving packages...
#15 28.79  gcc-16.2.1+r23+gd564253eb6c8-1-x86_64 downloading...
#15 28.79  perl-5.42.2-2-x86_64 downloading...
#15 28.79  python-3.14.7-1-x86_64 downloading...
#15 28.79  guile-3.0.11-1-x86_64 downloading...
#15 28.79  gdb-17.2-1-x86_64 downloading...
#15 28.79  git-2.55.0-1-x86_64 downloading...
#15 28.79  boost-libs-1.92.0-1-x86_64 downloading...
#15 28.79  gnupg-2.4.9-3-x86_64 downloading...
#15 28.79  groff-1.24.1-1-x86_64 downloading...
#15 28.79  texinfo-7.3-1-x86_64 downloading...
#15 28.79  sudo-1.9.17.p2-6-x86_64 downloading...
#15 28.79  curl-8.22.0-1-x86_64 downloading...
#15 28.79  db5.3-5.3.28-7-x86_64 downloading...
#15 28.79  libisl-0.28-1-x86_64 downloading...
#15 28.79  bison-3.8.2-8-x86_64 downloading...
#15 28.79  source-highlight-3.1.9-19-x86_64 downloading...
#15 28.79  wget-1.25.0-6-x86_64 downloading...
#15 28.79  elfutils-0.196-1-x86_64 downloading...
#15 28.79  autoconf-2.73-1-any downloading...
#15 28.79  automake-1.18.1-1-any downloading...
#15 28.79  make-4.4.1-3-x86_64 downloading...
#15 28.79  libtool-2.6.2-5-x86_64 downloading...
#15 28.79  diffutils-3.12-2-x86_64 downloading...
#15 28.79  flex-2.6.4-6-x86_64 downloading...
#15 28.79  m4-1.4.21-2-x86_64 downloading...
#15 28.79  gc-8.2.12-1-x86_64 downloading...
#15 28.79  cpio-2.15-3-x86_64 downloading...
#15 28.79  oniguruma-6.9.10-1-x86_64 downloading...
#15 28.79  jq-1.8.2-1-x86_64 downloading...
#15 28.79  pkgconf-3.0.7-1-x86_64 downloading...
#15 28.79  gdb-common-17.2-1-x86_64 downloading...
#15 28.79  zlib-ng-2.3.3-1-x86_64 downloading...
#15 28.79  mpdecimal-4.0.1-3-x86_64 downloading...
#15 28.79  xxhash-0.8.3-1-x86_64 downloading...
#15 28.79  libmpc-1.4.1-1-x86_64 downloading...
#15 28.79  patch-2.8-1-x86_64 downloading...
#15 28.79  fakeroot-1:1.37.2-3-x86_64 downloading...
#15 28.79  perl-timedate-2.35-1-any downloading...
#15 28.79  perl-mailtools-2.22-3-any downloading...
#15 28.79  debugedit-5.3-2-x86_64 downloading...
#15 28.79  perl-error-0.17030-3-any downloading...
#15 28.79  which-2.25-1-x86_64 downloading...
#15 28.79  base-devel-1-2-any downloading...
#15 28.79 checking keyring...
#15 28.86 checking package integrity...
#15 29.46 loading package files...
#15 29.51 checking for file conflicts...
#15 29.53 :: Processing package changes...
#15 29.53 installing m4...
#15 29.53 installing diffutils...
#15 29.54 installing db5.3...
#15 29.55 installing perl...
#15 29.84 installing autoconf...
#15 29.85 installing automake...
#15 29.85 reinstalling curl...
#15 29.91 installing bison...
#15 29.93 installing xxhash...
#15 29.93 installing cpio...
#15 29.93 installing elfutils...
#15 29.94 installing boost-libs...
#15 30.01 Optional dependencies for boost-libs
#15 30.01     openmpi: for mpi support
#15 30.01 installing mpdecimal...
#15 30.01 installing python...
#15 30.38 Optional dependencies for python
#15 30.38     python-setuptools: for building Python packages using tooling that is usually bundled with Python
#15 30.38     python-pip: for installing Python packages using tooling that is usually bundled with Python
#15 30.38     python-pipx: for installing Python software not packaged on Arch Linux
#15 30.38     sqlite: for a default database integration [installed]
#15 30.38     xz: for lzma [installed]
#15 30.38     tk: for tkinter
#15 30.38 installing gc...
#15 30.39 installing guile...
#15 30.51 installing gdb-common...
#15 30.51 installing source-highlight...
#15 30.53 Optional dependencies for source-highlight
#15 30.53     lesspipe: src-hilite-lesspipe.sh
#15 30.53 installing gdb...
#15 30.58 installing debugedit...
#15 30.58 installing fakeroot...
#15 30.59 installing flex...
#15 30.59 installing libisl...
#15 30.60 installing libmpc...
#15 30.60 installing gcc...
#15 31.08 Optional dependencies for gcc
#15 31.08     lib32-gcc-libs: for generating code for 32-bit ABI
#15 31.08 installing groff...
#15 31.12 Optional dependencies for groff
#15 31.12     netpbm: for use together with man -H command interaction in browsers
#15 31.12     psutils: for use together with man -H command interaction in browsers
#15 31.12     libxaw: for gxditview
#15 31.12     perl-file-homedir: for use with glilypond
#15 31.12 installing libtool...
#15 31.12 installing make...
#15 31.13 installing patch...
#15 31.13 Optional dependencies for patch
#15 31.13     ed: for patch -e functionality
#15 31.13 installing pkgconf...
#15 31.13 installing sudo...
#15 31.15 installing texinfo...
#15 31.19 Optional dependencies for texinfo
#15 31.19     perl-archive-zip: EPUB file output via texi2any
#15 31.19 installing which...
#15 31.19 reinstalling gnupg...
#15 31.28 installing base-devel...
#15 31.28 installing perl-error...
#15 31.28 installing perl-timedate...
#15 31.28 installing perl-mailtools...
#15 31.29 installing zlib-ng...
#15 31.29 installing git...
#15 31.41 Optional dependencies for git
#15 31.41     git-zsh-completion: upstream zsh completion
#15 31.41     tk: gitk and git gui
#15 31.41     openssh: ssh transport and crypto
#15 31.41     man: show help with `git command --help`
#15 31.41     perl-libwww: git svn
#15 31.41     perl-term-readkey: git svn and interactive.singlekey setting
#15 31.41     perl-io-socket-ssl: git send-email TLS support
#15 31.41     perl-authen-sasl: git send-email TLS support
#15 31.41     perl-cgi: gitweb (web interface) support
#15 31.41     python: git svn & git p4 [installed]
#15 31.41     subversion: git svn
#15 31.41     org.freedesktop.secrets: keyring credential helper
#15 31.41     libsecret: libsecret credential helper [installed]
#15 31.41     less: the default pager for git
#15 31.41 installing wget...
#15 31.42 Optional dependencies for wget
#15 31.42     ca-certificates: HTTPS downloads [installed]
#15 31.42 installing oniguruma...
#15 31.42 installing jq...
#15 31.55 :: Running post-transaction hooks...
#15 31.55 (1/9) Configuring dynamic linker run-time bindings...
#15 31.61 (2/9) Creating system user accounts...
#15 31.66 Creating group 'git' with GID 969.
#15 31.66 Creating user 'git' (git daemon user) with UID 969 and GID 969.
#15 31.70 (3/9) Creating temporary files...
#15 31.75 (4/9) Reloading system manager configuration...
#15 31.80   Skipped: Current root is not booted.
#15 31.80 (5/9) Reloading user manager configuration...
#15 31.85   Skipped: Current root is not booted.
#15 31.85 (6/9) Enqueuing marked services...
#15 31.90   Skipped: Current root is not booted.
#15 31.90 (7/9) Arming ConditionNeedsUpdate...
#15 31.94 (8/9) Checking for old perl modules...
#15 31.99 (9/9) Updating the info directory file...
#15 32.35 
#15 32.35 Cache directory: /var/cache/pacman/pkg/
#15 32.35 :: Do you want to remove ALL files from cache? [y/N] 
#15 32.35 
#15 32.35 Database directory: /var/lib/pacman/
#15 32.35 :: Do you want to remove unused repositories? [Y/n] 
#15 32.35 removing unused sync repositories...
#15 DONE 32.4s

#16 [builder 5/9] RUN useradd -m -G wheel -s /bin/bash builder &&     echo "builder ALL=(ALL) NOPASSWD: ALL" >> /etc/sudoers &&     mkdir -p /home/builder/.gnupg &&     chmod 700 /home/builder/.gnupg &&     chown -R builder:builder /home/builder
#16 DONE 0.4s

#17 [builder 6/9] RUN sed -i 's/^#MAKEFLAGS=.*/MAKEFLAGS="-j$(nproc)"/' /etc/makepkg.conf &&     sed -i 's/^COMPRESSZST=.*/COMPRESSZST=(zstd -c -z -q --threads=0 -)/' /etc/makepkg.conf &&     sed -i "s|^PKGEXT=.*|PKGEXT='.pkg.tar.zst'|" /etc/makepkg.conf
#17 DONE 0.2s

#18 [builder 7/9] RUN printf '#!/bin/bash\nexec /usr/bin/pacman --ask 4 "$@"\n' > /usr/local/bin/pacman-for-makepkg &&     chmod +x /usr/local/bin/pacman-for-makepkg
#18 DONE 0.2s

#19 [builder 8/9] RUN rm -rf /etc/pacman.d/gnupg/{openpgp-revocs.d/,private-keys-v1.d/,pubring.gpg~,gnupg.S.}*
#19 DONE 0.2s

#20 [builder 9/9] WORKDIR /src
#20 DONE 0.1s

#21 exporting to image
#21 exporting layers
#21 exporting layers 19.0s done
#21 exporting manifest sha256:e7ca90fd5d90d09cb77c073a844d124013776b5ac809ebdaa84c54f5e8f54a1b 0.0s done
#21 exporting config sha256:0c1f6025422851e20b010cc54ee4f8efca3695eeb8a35ab394fa57c3d9f1b52d 0.0s done
#21 exporting attestation manifest sha256:2824756bd12e351caa24cfbfeed8f2f30503894cdf19775a5dce8ce6d981cac2 0.0s done
#21 exporting manifest list sha256:f8ca694d3342e8392d740e99fe29a2a275de7d553e89f7e916fa7ec440ab096e 0.0s done
#21 naming to docker.io/library/omarchy-pkg-builder:latest-x86_64-edge
#21 naming to docker.io/library/omarchy-pkg-builder:latest-x86_64-edge 0.0s done
#21 unpacking to docker.io/library/omarchy-pkg-builder:latest-x86_64-edge
#21 unpacking to docker.io/library/omarchy-pkg-builder:latest-x86_64-edge 10.3s done
#21 DONE 29.5s
[0;34m==>[0m Planning isolated package builds...
==> Package Builder
==> Target architecture: x86_64
==> Mirror: edge
==> Package root: /pkgbuilds
==> Build workspace: /build-output/edge/x86_64
==> Final output: /pkgs.omarchy.org/edge/x86_64
==> Dry run: yes (plan only; makepkg will not run)
==> Checking which packages need building...
==> Checking specified packages: omawake-bin
==> 1 package(s) need building: omawake-bin
==> Determining build order based on dependencies...
==> Build order: omawake-bin

==> Plan complete. Packages that would build: omawake-bin
[0;34m==>[0m Building omawake-bin in a fresh container...
==> Importing GPG verification keys...
  -> Importing verification keys...
    - Importing key from https://download.spotify.com/debian/pubkey_C85668DF69375001.gpg
gpg: keybox '/home/builder/.gnupg/pubring.kbx' created
gpg: /home/builder/.gnupg/trustdb.gpg: trustdb created
gpg: key C85668DF69375001: public key "Spotify Public Repository Signing Key <tux@spotify.com>" imported
gpg: Total number processed: 1    - Receiving key 3FEF9748469ADBE15DA7CA80AC2D62742012EA22

gpg:               imported: 1
gpg: key AC2D62742012EA22: public key "Code signing for 1Password <codesign@1password.com>" imported
gpg: Total number processed: 1
gpg:               imported: 1
    - Receiving key FC918B335044912E
    - Receiving key 647F28654894E3BD457199BE38DBBDC86092693E
gpg: key FC918B335044912E: public key "Dropbox Automatic Signing Key <linux@dropbox.com>" imported
gpg: Total number processed: 1
gpg:               imported: 1
gpg: key 38DBBDC86092693E: 1 duplicate signature removed
gpg: key 38DBBDC86092693E: public key "Greg Kroah-Hartman <gregkh@linuxfoundation.org>" imported
    - Receiving key 83BC8889351B5DEBBB68416EB8AC08600F108CDF
gpg: Total number processed: 1
gpg:               imported: 1
gpg: key B8AC08600F108CDF: public key "Jan Alexander Steffens (heftig) <jan.steffens@gmail.com>" imported
gpg: Total number processed: 1
gpg:               imported: 1
  ✓ Verification key import complete
==> Updating build container packages...
:: Synchronizing package databases...
 core downloading...
 extra downloading...
:: Starting full system upgrade...
 there is nothing to do
==> Configuring Omarchy repositories for dependency resolution...
  -> omarchy-build (priority 1): /build-output/edge/x86_64
:: Synchronizing package databases...
 omarchy-build downloading...
 core downloading...
 extra downloading...
==> Package Builder
==> Target architecture: x86_64
==> Mirror: edge
==> Package root: /pkgbuilds
==> Build workspace: /build-output/edge/x86_64
==> Final output: /pkgs.omarchy.org/edge/x86_64

  -> Processing: omawake-bin
    New package (version: 0.0.1.rc-1)
==> Making package: omawake-bin 0.0.1.rc-1 (Tue 15 Sep 2026 05:11:09 AM UTC)
==> Checking runtime dependencies...
==> Installing missing dependencies...
resolving dependencies...
looking for conflicting packages...

Packages (3) alsa-topology-conf-1.2.5.1-4  alsa-ucm-conf-1.2.16.1-1  alsa-lib-1.2.16.1-1

Total Download Size:   0.66 MiB
Total Installed Size:  2.76 MiB

:: Proceed with installation? [Y/n] 
:: Retrieving packages...
 alsa-lib-1.2.16.1-1-x86_64 downloading...
 alsa-ucm-conf-1.2.16.1-1-any downloading...
 alsa-topology-conf-1.2.5.1-4-any downloading...
checking keyring...
checking package integrity...
loading package files...
checking for file conflicts...
:: Processing package changes...
installing alsa-topology-conf...
installing alsa-ucm-conf...
installing alsa-lib...
:: Running post-transaction hooks...
(1/1) Arming ConditionNeedsUpdate...
==> Checking buildtime dependencies...
==> Retrieving sources...
  -> Downloading omawake-0.0.1-rc-linux-x86_64.tar.xz...
  % Total    % Received % Xferd  Average Speed  Time    Time    Time   Current
                                 Dload  Upload  Total   Spent   Left   Speed
  0      0   0      0   0      0      0      0                              0  0      0   0      0   0      0      0      0                              0  0      0   0      0   0      0      0      0                              0
  0      0   0      0   0      0      0      0                              0 27 10.44M  27  2.91M   0      0  2.13M      0   00:04   00:01   00:03  2.91M100 10.44M 100 10.44M   0      0  4.62M      0   00:02   00:02          2.91M100 10.44M 100 10.44M   0      0  4.62M      0   00:02   00:02          2.91M100 10.44M 100 10.44M   0      0  4.62M      0   00:02   00:02          2.91M
==> Validating source files with sha256sums...
    omawake-0.0.1-rc-linux-x86_64.tar.xz ... Passed
==> Extracting sources...
  -> Extracting omawake-0.0.1-rc-linux-x86_64.tar.xz with bsdtar
==> Entering fakeroot environment...
==> Starting package()...
==> Tidying install...
  -> Removing libtool files...
  -> Removing static library files...
  -> Purging unwanted files...
  -> Copying source files needed for debug symbols...
  -> Compressing man and info pages...
==> Checking for packaging issues...
==> Creating package "omawake-bin"...
  -> Generating .PKGINFO file...
  -> Generating .BUILDINFO file...
  -> Adding install file...
  -> Generating .MTREE file...
  -> Compressing package...
==> Leaving fakeroot environment.
==> Finished making: omawake-bin 0.0.1.rc-1 (Tue 15 Sep 2026 05:11:16 AM UTC)
==> Cleaning up...
    Successfully built omawake-bin

[1m================================[0m
[1mBuild Summary[0m
[1m================================[0m
  Total packages: 1
  Built:          1
  Skipped:        0 (up-to-date or excluded)
  Failed:         0
  Blocked:        0
[0;32m✓[0m Build completed successfully!
