e6990732926ca05430cc67f49d836b167aab765a45eec5f203d93e147536af72  /home/omarchy/work/review/build-output/edge/x86_64/omawake-bin-0.0.1.rc-1-x86_64.pkg.tar.zst
omawake-bin: 256 total files, 0 altered files
# Generated by makepkg 7.1.0
# using fakeroot version 1.37.2
pkgname = omawake-bin
pkgbase = omawake-bin
xdata = pkgtype=pkg
pkgver = 0.0.1.rc-1
pkgdesc = Configurable local wake-word daemon (pre-built binary)
url = https://github.com/jacob-vincent-mink/omawake
builddate = 1789449069
packager = Unknown Packager
size = 39768448
arch = x86_64
license = MIT
conflict = omawake
provides = omawake=0.0.1.rc
depend = alsa-lib
depend = bzip2
depend = gcc-libs
depend = glibc
optdepend = pipewire-audio: PipeWire audio support
optdepend = openvino: Intel runtime for an externally supplied OpenVINO provider bundle
optdepend = openvino-intel-gpu-plugin: Intel GPU device support for OpenVINO
optdepend = openvino-intel-npu-plugin: Intel NPU device support for OpenVINO
optdepend = cuda: NVIDIA CUDA libraries for an external CUDA runtime bundle
optdepend = cudnn: NVIDIA neural-network libraries for an external CUDA runtime bundle
