ActiveState=active
FragmentPath=/usr/lib/systemd/user/omawake.service
MainPID=25238
unit: /home/omarchy/.config/systemd/user/omawake.service
omawake: omawake systemd user service is not installed
installed: /home/omarchy/.local/share/applications/omawake-settings.desktop
[Desktop Entry]
Type=Application
Name=Omawake Setup
Comment=Install and configure a local wake-word model
Exec="/usr/bin/omawake" setup model
Terminal=true
Categories=Settings;
Keywords=voice;wake word;speech;
5143a6ba93c4b274e2c4ac22deb75c2c48936c853f0519add1de828b6c79cc5a  /home/omarchy/.local/share/omawake/models/sherpa-onnx-kws-zipformer-gigaspeech-3.3M-2024-01-01/test_wavs/1.wav
{
  "catalog": {
    "archive_root": "sherpa-onnx-kws-zipformer-gigaspeech-3.3M-2024-01-01",
    "archive_sha256": "f170013b4716e41b62b9bfd809687c207cef798ef9bc6534d524e17af9b6561a",
    "archive_size": 17626723,
    "archive_url": "https://github.com/k2-fsa/sherpa-onnx/releases/download/kws-models/sherpa-onnx-kws-zipformer-gigaspeech-3.3M-2024-01-01.tar.bz2",
    "backend": "sherpa-onnx",
    "bpe_model": "bpe.model",
    "cuda_decoder": "decoder-epoch-12-avg-2-chunk-16-left-64.onnx",
    "cuda_encoder": "encoder-epoch-12-avg-2-chunk-16-left-64.onnx",
    "cuda_joiner": "joiner-epoch-12-avg-2-chunk-16-left-64.onnx",
    "decoder": "decoder-epoch-12-avg-2-chunk-16-left-64.int8.onnx",
    "description": "GigaSpeech Zipformer streaming keyword spotter (3.3M parameters)",
    "downloadable": false,
    "encoder": "encoder-epoch-12-avg-2-chunk-16-left-64.int8.onnx",
    "family": "zipformer-kws",
    "id": "sherpa-onnx-kws-zipformer-gigaspeech-3.3M-2024-01-01",
    "joiner": "joiner-epoch-12-avg-2-chunk-16-left-64.int8.onnx",
    "license": "unknown",
    "license_status": "unverified",
    "openvino_accelerator_encoder": "encoder-epoch-12-avg-2-chunk-16-left-64.onnx",
    "probe_audio": "test_wavs/0.wav",
    "required_files": [
      {
        "path": "encoder-epoch-12-avg-2-chunk-16-left-64.onnx",
        "sha256": "063fbc1aeae8a9b574607a331a00e60371846ef9eaa3c1d9ea48176665dfc693",
        "size": 12174219
      },
      {
        "path": "encoder-epoch-12-avg-2-chunk-16-left-64.int8.onnx",
        "sha256": "1e721676515bcd42a186979733981213c66c80db680e1cc582dfedf3be76e678",
        "size": 4807159
      },
      {
        "path": "decoder-epoch-12-avg-2-chunk-16-left-64.int8.onnx",
        "sha256": "e40ff43297abe815e8898494c17e71bba2152d9d40fa3eb803f75d0f7533329a",
        "size": 277985
      },
      {
        "path": "decoder-epoch-12-avg-2-chunk-16-left-64.onnx",
        "sha256": "f61ebd3eed3773a44d088d53dfae92dbb6aec4839f4dcaee2d402414741663a3",
        "size": 1063189
      },
      {
        "path": "joiner-epoch-12-avg-2-chunk-16-left-64.int8.onnx",
        "sha256": "eae9da0c7e1e6c6a3f4cc42d167899c388f6c6701b94cb96320e4f55df79624c",
        "size": 163380
      },
      {
        "path": "joiner-epoch-12-avg-2-chunk-16-left-64.onnx",
        "sha256": "0d7a37e749d8055223029318d6ffae82db1dae2d315d0892a68ba5dad17c1d2d",
        "size": 642462
      },
      {
        "path": "tokens.txt",
        "sha256": "fd2ded4050a55d2b1578870ba8697d02371980217806b7558bd0a5cc60f3ba53",
        "size": 5006
      },
      {
        "path": "bpe.model",
        "sha256": "c8a2a0129c4ab8e463164c142f82d25649661b122c8cd0b7aab5c9e80b90ad24",
        "size": 244837
      },
      {
        "path": "test_wavs/0.wav",
        "sha256": "6bc58a4efdf20daac252b6b1502632601a71efe0308f6757dc1eda34891a7e4f",
        "size": 212044
      },
      {
        "path": "test_wavs/1.wav",
        "sha256": "5143a6ba93c4b274e2c4ac22deb75c2c48936c853f0519add1de828b6c79cc5a",
        "size": 534924
      },
      {
        "path": "test_wavs/test_keywords.txt",
        "sha256": "fd9c3b504ab922bc96ce8613eff02193f8a5526fcf74a14df436c7af74ad649d",
        "size": 52
      }
    ],
    "tokens": "tokens.txt"
  },
  "provenance": {
    "archive_sha256": "f170013b4716e41b62b9bfd809687c207cef798ef9bc6534d524e17af9b6561a",
    "archive_url": "https://github.com/k2-fsa/sherpa-onnx/releases/download/kws-models/sherpa-onnx-kws-zipformer-gigaspeech-3.3M-2024-01-01.tar.bz2",
    "license": "unknown",
    "license_status": "unverified",
    "source": "user-supplied-archive"
  }
}